Archive member included to satisfy reference by file (symbol)

c:/st/stm32cubeide_1.4.0/stm32cubeide/plugins/com.st.stm32cube.ide.mcu.externaltools.gnu-tools-for-stm32.7-2018-q2-update.win32_1.4.0.202007081208/tools/bin/../lib/gcc/arm-none-eabi/7.3.1/../../../../arm-none-eabi/lib/thumb/v7e-m/fpv4-sp/hard\libc_nano.a(lib_a-errno.o)
                              Core/Src/syscalls.o (__errno)
c:/st/stm32cubeide_1.4.0/stm32cubeide/plugins/com.st.stm32cube.ide.mcu.externaltools.gnu-tools-for-stm32.7-2018-q2-update.win32_1.4.0.202007081208/tools/bin/../lib/gcc/arm-none-eabi/7.3.1/../../../../arm-none-eabi/lib/thumb/v7e-m/fpv4-sp/hard\libc_nano.a(lib_a-exit.o)
                              c:/st/stm32cubeide_1.4.0/stm32cubeide/plugins/com.st.stm32cube.ide.mcu.externaltools.gnu-tools-for-stm32.7-2018-q2-update.win32_1.4.0.202007081208/tools/bin/../lib/gcc/arm-none-eabi/7.3.1/../../../../arm-none-eabi/lib/thumb/v7e-m/fpv4-sp/hard/crt0.o (exit)
c:/st/stm32cubeide_1.4.0/stm32cubeide/plugins/com.st.stm32cube.ide.mcu.externaltools.gnu-tools-for-stm32.7-2018-q2-update.win32_1.4.0.202007081208/tools/bin/../lib/gcc/arm-none-eabi/7.3.1/../../../../arm-none-eabi/lib/thumb/v7e-m/fpv4-sp/hard\libc_nano.a(lib_a-impure.o)
                              c:/st/stm32cubeide_1.4.0/stm32cubeide/plugins/com.st.stm32cube.ide.mcu.externaltools.gnu-tools-for-stm32.7-2018-q2-update.win32_1.4.0.202007081208/tools/bin/../lib/gcc/arm-none-eabi/7.3.1/../../../../arm-none-eabi/lib/thumb/v7e-m/fpv4-sp/hard\libc_nano.a(lib_a-exit.o) (_global_impure_ptr)
c:/st/stm32cubeide_1.4.0/stm32cubeide/plugins/com.st.stm32cube.ide.mcu.externaltools.gnu-tools-for-stm32.7-2018-q2-update.win32_1.4.0.202007081208/tools/bin/../lib/gcc/arm-none-eabi/7.3.1/../../../../arm-none-eabi/lib/thumb/v7e-m/fpv4-sp/hard\libc_nano.a(lib_a-init.o)
                              c:/st/stm32cubeide_1.4.0/stm32cubeide/plugins/com.st.stm32cube.ide.mcu.externaltools.gnu-tools-for-stm32.7-2018-q2-update.win32_1.4.0.202007081208/tools/bin/../lib/gcc/arm-none-eabi/7.3.1/../../../../arm-none-eabi/lib/thumb/v7e-m/fpv4-sp/hard/crt0.o (__libc_init_array)
c:/st/stm32cubeide_1.4.0/stm32cubeide/plugins/com.st.stm32cube.ide.mcu.externaltools.gnu-tools-for-stm32.7-2018-q2-update.win32_1.4.0.202007081208/tools/bin/../lib/gcc/arm-none-eabi/7.3.1/../../../../arm-none-eabi/lib/thumb/v7e-m/fpv4-sp/hard\libc_nano.a(lib_a-memcpy-stub.o)
                              common/ThirdParty/FreeRTOS/queue.o (memcpy)
c:/st/stm32cubeide_1.4.0/stm32cubeide/plugins/com.st.stm32cube.ide.mcu.externaltools.gnu-tools-for-stm32.7-2018-q2-update.win32_1.4.0.202007081208/tools/bin/../lib/gcc/arm-none-eabi/7.3.1/../../../../arm-none-eabi/lib/thumb/v7e-m/fpv4-sp/hard\libc_nano.a(lib_a-memset.o)
                              c:/st/stm32cubeide_1.4.0/stm32cubeide/plugins/com.st.stm32cube.ide.mcu.externaltools.gnu-tools-for-stm32.7-2018-q2-update.win32_1.4.0.202007081208/tools/bin/../lib/gcc/arm-none-eabi/7.3.1/../../../../arm-none-eabi/lib/thumb/v7e-m/fpv4-sp/hard/crt0.o (memset)
c:/st/stm32cubeide_1.4.0/stm32cubeide/plugins/com.st.stm32cube.ide.mcu.externaltools.gnu-tools-for-stm32.7-2018-q2-update.win32_1.4.0.202007081208/tools/bin/../lib/gcc/arm-none-eabi/7.3.1/../../../../arm-none-eabi/lib/thumb/v7e-m/fpv4-sp/hard\libc_nano.a(lib_a-strcmp.o)
                              Core/Src/task_handler.o (strcmp)
c:/st/stm32cubeide_1.4.0/stm32cubeide/plugins/com.st.stm32cube.ide.mcu.externaltools.gnu-tools-for-stm32.7-2018-q2-update.win32_1.4.0.202007081208/tools/bin/../lib/gcc/arm-none-eabi/7.3.1/../../../../arm-none-eabi/lib/thumb/v7e-m/fpv4-sp/hard\libc_nano.a(lib_a-strlen.o)
                              Core/Src/task_handler.o (strlen)
c:/st/stm32cubeide_1.4.0/stm32cubeide/plugins/com.st.stm32cube.ide.mcu.externaltools.gnu-tools-for-stm32.7-2018-q2-update.win32_1.4.0.202007081208/tools/bin/../lib/gcc/arm-none-eabi/7.3.1/thumb/v7e-m/fpv4-sp/hard\libgcc.a(_aeabi_uldivmod.o)
                              Drivers/STM32F4xx_HAL_Driver/Src/stm32f4xx_hal_rcc.o (__aeabi_uldivmod)
c:/st/stm32cubeide_1.4.0/stm32cubeide/plugins/com.st.stm32cube.ide.mcu.externaltools.gnu-tools-for-stm32.7-2018-q2-update.win32_1.4.0.202007081208/tools/bin/../lib/gcc/arm-none-eabi/7.3.1/thumb/v7e-m/fpv4-sp/hard\libgcc.a(_udivmoddi4.o)
                              c:/st/stm32cubeide_1.4.0/stm32cubeide/plugins/com.st.stm32cube.ide.mcu.externaltools.gnu-tools-for-stm32.7-2018-q2-update.win32_1.4.0.202007081208/tools/bin/../lib/gcc/arm-none-eabi/7.3.1/thumb/v7e-m/fpv4-sp/hard\libgcc.a(_aeabi_uldivmod.o) (__udivmoddi4)
c:/st/stm32cubeide_1.4.0/stm32cubeide/plugins/com.st.stm32cube.ide.mcu.externaltools.gnu-tools-for-stm32.7-2018-q2-update.win32_1.4.0.202007081208/tools/bin/../lib/gcc/arm-none-eabi/7.3.1/thumb/v7e-m/fpv4-sp/hard\libgcc.a(_dvmd_tls.o)
[...]
Memory Configuration

Name             Origin             Length             Attributes
RAM              0x0000000020000000 0x0000000000020000 xrw
FLASH            0x0000000008000000 0x0000000000080000 xr
*default*        0x0000000000000000 0xffffffffffffffff

Linker script and memory map

LOAD c:/st/stm32cubeide_1.4.0/stm32cubeide/plugins/com.st.stm32cube.ide.mcu.externaltools.gnu-tools-for-stm32.7-2018-q2-update.win32_1.4.0.202007081208/tools/bin/../lib/gcc/arm-none-eabi/7.3.1/thumb/v7e-m/fpv4-sp/hard/crti.o
LOAD c:/st/stm32cubeide_1.4.0/stm32cubeide/plugins/com.st.stm32cube.ide.mcu.externaltools.gnu-tools-for-stm32.7-2018-q2-update.win32_1.4.0.202007081208/tools/bin/../lib/gcc/arm-none-eabi/7.3.1/thumb/v7e-m/fpv4-sp/hard/crtbegin.o
LOAD c:/st/stm32cubeide_1.4.0/stm32cubeide/plugins/com.st.stm32cube.ide.mcu.externaltools.gnu-tools-for-stm32.7-2018-q2-update.win32_1.4.0.202007081208/tools/bin/../lib/gcc/arm-none-eabi/7.3.1/../../../../arm-none-eabi/lib/thumb/v7e-m/fpv4-sp/hard/crt0.o
LOAD Core/Src/led_effect.o
LOAD Core/Src/main.o
LOAD Core/Src/rtc.o
LOAD Core/Src/stm32f4xx_hal_msp.o
LOAD Core/Src/stm32f4xx_hal_timebase_tim.o
LOAD Core/Src/stm32f4xx_it.o
LOAD Core/Src/syscalls.o
LOAD Core/Src/sysmem.o
LOAD Core/Src/system_stm32f4xx.o
LOAD Core/Src/task_handler.o
LOAD Core/Startup/startup_stm32f446retx.o
LOAD Drivers/STM32F4xx_HAL_Driver/Src/stm32f4xx_hal.o
LOAD Drivers/STM32F4xx_HAL_Driver/Src/stm32f4xx_hal_cortex.o
LOAD Drivers/STM32F4xx_HAL_Driver/Src/stm32f4xx_hal_dma.o
LOAD Drivers/STM32F4xx_HAL_Driver/Src/stm32f4xx_hal_dma_ex.o
LOAD Drivers/STM32F4xx_HAL_Driver/Src/stm32f4xx_hal_exti.o
LOAD Drivers/STM32F4xx_HAL_Driver/Src/stm32f4xx_hal_flash.o
LOAD Drivers/STM32F4xx_HAL_Driver/Src/stm32f4xx_hal_flash_ex.o
LOAD Drivers/STM32F4xx_HAL_Driver/Src/stm32f4xx_hal_flash_ramfunc.o
LOAD Drivers/STM32F4xx_HAL_Driver/Src/stm32f4xx_hal_gpio.o
LOAD Drivers/STM32F4xx_HAL_Driver/Src/stm32f4xx_hal_pwr.o
LOAD Drivers/STM32F4xx_HAL_Driver/Src/stm32f4xx_hal_pwr_ex.o
LOAD Drivers/STM32F4xx_HAL_Driver/Src/stm32f4xx_hal_rcc.o
LOAD Drivers/STM32F4xx_HAL_Driver/Src/stm32f4xx_hal_rcc_ex.o
LOAD Drivers/STM32F4xx_HAL_Driver/Src/stm32f4xx_hal_rtc.o
LOAD Drivers/STM32F4xx_HAL_Driver/Src/stm32f4xx_hal_rtc_ex.o
LOAD Drivers/STM32F4xx_HAL_Driver/Src/stm32f4xx_hal_tim.o
LOAD Drivers/STM32F4xx_HAL_Driver/Src/stm32f4xx_hal_tim_ex.o
LOAD Drivers/STM32F4xx_HAL_Driver/Src/stm32f4xx_hal_uart.o
LOAD common/ThirdParty/FreeRTOS/croutine.o
LOAD common/ThirdParty/FreeRTOS/event_groups.o
LOAD common/ThirdParty/FreeRTOS/list.o
LOAD common/ThirdParty/FreeRTOS/queue.o
LOAD common/ThirdParty/FreeRTOS/stream_buffer.o
LOAD common/ThirdParty/FreeRTOS/tasks.o
LOAD common/ThirdParty/FreeRTOS/timers.o
LOAD common/ThirdParty/FreeRTOS/portable/GCC/ARM_CM4F/port.o
LOAD common/ThirdParty/FreeRTOS/portable/MemMang/heap_4.o
START GROUP
LOAD c:/st/stm32cubeide_1.4.0/stm32cubeide/plugins/com.st.stm32cube.ide.mcu.externaltools.gnu-tools-for-stm32.7-2018-q2-update.win32_1.4.0.202007081208/tools/bin/../lib/gcc/arm-none-eabi/7.3.1/../../../../arm-none-eabi/lib/thumb/v7e-m/fpv4-sp/hard\libc_nano.a
LOAD c:/st/stm32cubeide_1.4.0/stm32cubeide/plugins/com.st.stm32cube.ide.mcu.externaltools.gnu-tools-for-stm32.7-2018-q2-update.win32_1.4.0.202007081208/tools/bin/../lib/gcc/arm-none-eabi/7.3.1/../../../../arm-none-eabi/lib/thumb/v7e-m/fpv4-sp/hard\libm.a
END GROUP
START GROUP
LOAD c:/st/stm32cubeide_1.4.0/stm32cubeide/plugins/com.st.stm32cube.ide.mcu.externaltools.gnu-tools-for-stm32.7-2018-q2-update.win32_1.4.0.202007081208/tools/bin/../lib/gcc/arm-none-eabi/7.3.1/thumb/v7e-m/fpv4-sp/hard\libgcc.a
LOAD c:/st/stm32cubeide_1.4.0/stm32cubeide/plugins/com.st.stm32cube.ide.mcu.externaltools.gnu-tools-for-stm32.7-2018-q2-update.win32_1.4.0.202007081208/tools/bin/../lib/gcc/arm-none-eabi/7.3.1/../../../../arm-none-eabi/lib/thumb/v7e-m/fpv4-sp/hard\libc_nano.a
END GROUP
START GROUP
LOAD c:/st/stm32cubeide_1.4.0/stm32cubeide/plugins/com.st.stm32cube.ide.mcu.externaltools.gnu-tools-for-stm32.7-2018-q2-update.win32_1.4.0.202007081208/tools/bin/../lib/gcc/arm-none-eabi/7.3.1/thumb/v7e-m/fpv4-sp/hard\libgcc.a
LOAD c:/st/stm32cubeide_1.4.0/stm32cubeide/plugins/com.st.stm32cube.ide.mcu.externaltools.gnu-tools-for-stm32.7-2018-q2-update.win32_1.4.0.202007081208/tools/bin/../lib/gcc/arm-none-eabi/7.3.1/../../../../arm-none-eabi/lib/thumb/v7e-m/fpv4-sp/hard\libc_nano.a
LOAD c:/st/stm32cubeide_1.4.0/stm32cubeide/plugins/com.st.stm32cube.ide.mcu.externaltools.gnu-tools-for-stm32.7-2018-q2-update.win32_1.4.0.202007081208/tools/bin/../lib/gcc/arm-none-eabi/7.3.1/../../../../arm-none-eabi/lib/thumb/v7e-m/fpv4-sp/hard\libnosys.a
END GROUP
START GROUP
LOAD c:/st/stm32cubeide_1.4.0/stm32cubeide/plugins/com.st.stm32cube.ide.mcu.externaltools.gnu-tools-for-stm32.7-2018-q2-update.win32_1.4.0.202007081208/tools/bin/../lib/gcc/arm-none-eabi/7.3.1/thumb/v7e-m/fpv4-sp/hard\libgcc.a
LOAD c:/st/stm32cubeide_1.4.0/stm32cubeide/plugins/com.st.stm32cube.ide.mcu.externaltools.gnu-tools-for-stm32.7-2018-q2-update.win32_1.4.0.202007081208/tools/bin/../lib/gcc/arm-none-eabi/7.3.1/../../../../arm-none-eabi/lib/thumb/v7e-m/fpv4-sp/hard\libc_nano.a
LOAD c:/st/stm32cubeide_1.4.0/stm32cubeide/plugins/com.st.stm32cube.ide.mcu.externaltools.gnu-tools-for-stm32.7-2018-q2-update.win32_1.4.0.202007081208/tools/bin/../lib/gcc/arm-none-eabi/7.3.1/../../../../arm-none-eabi/lib/thumb/v7e-m/fpv4-sp/hard\libnosys.a
END GROUP
LOAD c:/st/stm32cubeide_1.4.0/stm32cubeide/plugins/com.st.stm32cube.ide.mcu.externaltools.gnu-tools-for-stm32.7-2018-q2-update.win32_1.4.0.202007081208/tools/bin/../lib/gcc/arm-none-eabi/7.3.1/thumb/v7e-m/fpv4-sp/hard/crtend.o
LOAD c:/st/stm32cubeide_1.4.0/stm32cubeide/plugins/com.st.stm32cube.ide.mcu.externaltools.gnu-tools-for-stm32.7-2018-q2-update.win32_1.4.0.202007081208/tools/bin/../lib/gcc/arm-none-eabi/7.3.1/thumb/v7e-m/fpv4-sp/hard/crtn.o
                0x0000000020020000                _estack = (ORIGIN (RAM) + LENGTH (RAM))
                0x0000000000000200                _Min_Heap_Size = 0x200
                0x0000000000000400                _Min_Stack_Size = 0x400

.isr_vector     0x0000000008000000      0x1c4
                0x0000000008000000                . = ALIGN (0x4)
 *(.isr_vector)
 .isr_vector    0x0000000008000000      0x1c4 Core/Startup/startup_stm32f446retx.o
                0x0000000008000000                g_pfnVectors
                0x00000000080001c4                . = ALIGN (0x4)

.text           0x00000000080001d0     0x68fc
                0x00000000080001d0                . = ALIGN (0x4)
 *(.text)
 .text          0x00000000080001d0       0x40 c:/st/stm32cubeide_1.4.0/stm32cubeide/plugins/com.st.stm32cube.ide.mcu.externaltools.gnu-tools-for-stm32.7-2018-q2-update.win32_1.4.0.202007081208/tools/bin/../lib/gcc/arm-none-eabi/7.3.1/thumb/v7e-m/fpv4-sp/hard/crtbegin.o
 .text          0x0000000008000210       0x14 c:/st/stm32cubeide_1.4.0/stm32cubeide/plugins/com.st.stm32cube.ide.mcu.externaltools.gnu-tools-for-stm32.7-2018-q2-update.win32_1.4.0.202007081208/tools/bin/../lib/gcc/arm-none-eabi/7.3.1/../../../../arm-none-eabi/lib/thumb/v7e-m/fpv4-sp/hard\libc_nano.a(lib_a-strcmp.o)
                0x0000000008000210                strcmp
 .text          0x0000000008000224       0x10 c:/st/stm32cubeide_1.4.0/stm32cubeide/plugins/com.st.stm32cube.ide.mcu.externaltools.gnu-tools-for-stm32.7-2018-q2-update.win32_1.4.0.202007081208/tools/bin/../lib/gcc/arm-none-eabi/7.3.1/../../../../arm-none-eabi/lib/thumb/v7e-m/fpv4-sp/hard\libc_nano.a(lib_a-strlen.o)
                0x0000000008000224                strlen
 .text          0x0000000008000234       0x30 c:/st/stm32cubeide_1.4.0/stm32cubeide/plugins/com.st.stm32cube.ide.mcu.externaltools.gnu-tools-for-stm32.7-2018-q2-update.win32_1.4.0.202007081208/tools/bin/../lib/gcc/arm-none-eabi/7.3.1/thumb/v7e-m/fpv4-sp/hard\libgcc.a(_aeabi_uldivmod.o)
                0x0000000008000234                __aeabi_uldivmod
 .text          0x0000000008000264      0x2cc c:/st/stm32cubeide_1.4.0/stm32cubeide/plugins/com.st.stm32cube.ide.mcu.externaltools.gnu-tools-for-stm32.7-2018-q2-update.win32_1.4.0.202007081208/tools/bin/../lib/gcc/arm-none-eabi/7.3.1/thumb/v7e-m/fpv4-sp/hard\libgcc.a(_udivmoddi4.o)
                0x0000000008000264                __udivmoddi4
 .text          0x0000000008000530        0x4 c:/st/stm32cubeide_1.4.0/stm32cubeide/plugins/com.st.stm32cube.ide.mcu.externaltools.gnu-tools-for-stm32.7-2018-q2-update.win32_1.4.0.202007081208/tools/bin/../lib/gcc/arm-none-eabi/7.3.1/thumb/v7e-m/fpv4-sp/hard\libgcc.a(_dvmd_tls.o)
                0x0000000008000530                __aeabi_idiv0
                0x0000000008000530                __aeabi_ldiv0
 *(.text*)
 .text.led_effect_stop
                0x0000000008000534       0x3c Core/Src/led_effect.o
                0x0000000008000534                led_effect_stop
 .text.led_effect
                0x0000000008000570       0x38 Core/Src/led_effect.o
                0x0000000008000570                led_effect
 .text.LED_effect
                0x00000000080005a8       0x3c Core/Src/led_effect.o
                0x00000000080005a8                LED_effect
 .text.main     0x00000000080005e4      0x218 Core/Src/main.o
                0x00000000080005e4                main
 .text.SystemClock_Config
                0x00000000080007fc      0x124 Core/Src/main.o
                0x00000000080007fc                SystemClock_Config
 .text.MX_RTC_Init
                0x0000000008000920       0x4c Core/Src/main.o
 .text.MX_USART2_UART_Init
                0x000000000800096c       0x54 Core/Src/main.o
 .text.MX_GPIO_Init
                0x00000000080009c0       0xe0 Core/Src/main.o
 .text.led_effect_callback
                0x0000000008000aa0       0x14 Core/Src/main.o
                0x0000000008000aa0                led_effect_callback
 .text.HAL_UART_RxCpltCallback
                0x0000000008000ab4       0x94 Core/Src/main.o
                0x0000000008000ab4                HAL_UART_RxCpltCallback
 .text.HAL_TIM_PeriodElapsedCallback
                0x0000000008000b48       0x24 Core/Src/main.o
                0x0000000008000b48                HAL_TIM_PeriodElapsedCallback
 .text.Error_Handler
                0x0000000008000b6c        0xe Core/Src/main.o
                0x0000000008000b6c                Error_Handler
 *fill*         0x0000000008000b7a        0x2 
 .text.HAL_MspInit
                0x0000000008000b7c       0x50 Core/Src/stm32f4xx_hal_msp.o
                0x0000000008000b7c                HAL_MspInit
 .text.HAL_RTC_MspInit
                0x0000000008000bcc       0x2c Core/Src/stm32f4xx_hal_msp.o
                0x0000000008000bcc                HAL_RTC_MspInit
 .text.HAL_UART_MspInit
                0x0000000008000bf8       0xa0 Core/Src/stm32f4xx_hal_msp.o
                0x0000000008000bf8                HAL_UART_MspInit
 .text.HAL_InitTick
                0x0000000008000c98       0xb4 Core/Src/stm32f4xx_hal_timebase_tim.o
                0x0000000008000c98                HAL_InitTick
 .text.NMI_Handler
                0x0000000008000d4c        0xe Core/Src/stm32f4xx_it.o
                0x0000000008000d4c                NMI_Handler
 .text.HardFault_Handler
                0x0000000008000d5a        0x6 Core/Src/stm32f4xx_it.o
                0x0000000008000d5a                HardFault_Handler
 .text.MemManage_Handler
                0x0000000008000d60        0x6 Core/Src/stm32f4xx_it.o
                0x0000000008000d60                MemManage_Handler
 .text.BusFault_Handler
                0x0000000008000d66        0x6 Core/Src/stm32f4xx_it.o
                0x0000000008000d66                BusFault_Handler
 .text.UsageFault_Handler
                0x0000000008000d6c        0x6 Core/Src/stm32f4xx_it.o
                0x0000000008000d6c                UsageFault_Handler
 .text.DebugMon_Handler
                0x0000000008000d72        0xe Core/Src/stm32f4xx_it.o
                0x0000000008000d72                DebugMon_Handler
 .text.USART2_IRQHandler
                0x0000000008000d80       0x14 Core/Src/stm32f4xx_it.o
                0x0000000008000d80                USART2_IRQHandler
 .text.TIM6_DAC_IRQHandler
                0x0000000008000d94       0x14 Core/Src/stm32f4xx_it.o
                0x0000000008000d94                TIM6_DAC_IRQHandler
 .text.SystemInit
                0x0000000008000da8       0x2c Core/Src/system_stm32f4xx.o
                0x0000000008000da8                SystemInit
 .text.menu_task
                0x0000000008000dd4       0xdc Core/Src/task_handler.o
                0x0000000008000dd4                menu_task
 .text.cmd_handler_task
                0x0000000008000eb0       0x2e Core/Src/task_handler.o
                0x0000000008000eb0                cmd_handler_task
 *fill*         0x0000000008000ede        0x2 
 .text.process_command
                0x0000000008000ee0       0x88 Core/Src/task_handler.o
                0x0000000008000ee0                process_command
 .text.extract_command
                0x0000000008000f68       0x74 Core/Src/task_handler.o
                0x0000000008000f68                extract_command
 .text.print_task
                0x0000000008000fdc       0x40 Core/Src/task_handler.o
                0x0000000008000fdc                print_task
 .text.rtc_task
                0x000000000800101c        0xa Core/Src/task_handler.o
                0x000000000800101c                rtc_task
 *fill*         0x0000000008001026        0x2 
 .text.led_task
                0x0000000008001028      0x12c Core/Src/task_handler.o
                0x0000000008001028                led_task
 .text.Reset_Handler
                0x0000000008001154       0x50 Core/Startup/startup_stm32f446retx.o
                0x0000000008001154                Reset_Handler
 .text.Default_Handler
                0x00000000080011a4        0x2 Core/Startup/startup_stm32f446retx.o
                0x00000000080011a4                RTC_Alarm_IRQHandler
                0x00000000080011a4                EXTI2_IRQHandler
                0x00000000080011a4                TIM8_CC_IRQHandler
                0x00000000080011a4                FMPI2C1_EV_IRQHandler
                0x00000000080011a4                SPI4_IRQHandler
                0x00000000080011a4                TIM1_CC_IRQHandler
                0x00000000080011a4                DMA2_Stream5_IRQHandler
                0x00000000080011a4                DMA1_Stream5_IRQHandler
                0x00000000080011a4                PVD_IRQHandler
                0x00000000080011a4                SDIO_IRQHandler
                0x00000000080011a4                TAMP_STAMP_IRQHandler
                0x00000000080011a4                CAN2_RX1_IRQHandler
                0x00000000080011a4                EXTI3_IRQHandler
                0x00000000080011a4                TIM8_TRG_COM_TIM14_IRQHandler
                0x00000000080011a4                TIM1_UP_TIM10_IRQHandler
                0x00000000080011a4                TIM8_UP_TIM13_IRQHandler
                0x00000000080011a4                I2C3_ER_IRQHandler
                0x00000000080011a4                EXTI0_IRQHandler
                0x00000000080011a4                I2C2_EV_IRQHandler
                0x00000000080011a4                DMA1_Stream2_IRQHandler
                0x00000000080011a4                CAN1_RX0_IRQHandler
                0x00000000080011a4                FPU_IRQHandler
                0x00000000080011a4                OTG_HS_WKUP_IRQHandler
                0x00000000080011a4                CAN2_SCE_IRQHandler
                0x00000000080011a4                DMA2_Stream2_IRQHandler
                0x00000000080011a4                SPI1_IRQHandler
                0x00000000080011a4                TIM1_BRK_TIM9_IRQHandler
                0x00000000080011a4                DCMI_IRQHandler
                0x00000000080011a4                CAN2_RX0_IRQHandler
                0x00000000080011a4                DMA2_Stream3_IRQHandler
                0x00000000080011a4                SAI2_IRQHandler
                0x00000000080011a4                USART6_IRQHandler
                0x00000000080011a4                USART3_IRQHandler
                0x00000000080011a4                CAN1_RX1_IRQHandler
                0x00000000080011a4                UART5_IRQHandler
                0x00000000080011a4                DMA2_Stream0_IRQHandler
                0x00000000080011a4                TIM4_IRQHandler
                0x00000000080011a4                QUADSPI_IRQHandler
                0x00000000080011a4                I2C1_EV_IRQHandler
                0x00000000080011a4                DMA1_Stream6_IRQHandler
                0x00000000080011a4                DMA1_Stream1_IRQHandler
                0x00000000080011a4                UART4_IRQHandler
                0x00000000080011a4                TIM3_IRQHandler
                0x00000000080011a4                RCC_IRQHandler
                0x00000000080011a4                TIM8_BRK_TIM12_IRQHandler
                0x00000000080011a4                Default_Handler
                0x00000000080011a4                CEC_IRQHandler
                0x00000000080011a4                EXTI15_10_IRQHandler
                0x00000000080011a4                ADC_IRQHandler
                0x00000000080011a4                DMA1_Stream7_IRQHandler
                0x00000000080011a4                TIM7_IRQHandler
                0x00000000080011a4                CAN2_TX_IRQHandler
                0x00000000080011a4                TIM5_IRQHandler
                0x00000000080011a4                DMA2_Stream7_IRQHandler
                0x00000000080011a4                I2C3_EV_IRQHandler
                0x00000000080011a4                EXTI9_5_IRQHandler
                0x00000000080011a4                RTC_WKUP_IRQHandler
                0x00000000080011a4                SPDIF_RX_IRQHandler
                0x00000000080011a4                SPI2_IRQHandler
                0x00000000080011a4                OTG_HS_EP1_IN_IRQHandler
                0x00000000080011a4                DMA1_Stream0_IRQHandler
                0x00000000080011a4                CAN1_TX_IRQHandler
                0x00000000080011a4                FMPI2C1_ER_IRQHandler
                0x00000000080011a4                EXTI4_IRQHandler
                0x00000000080011a4                OTG_HS_EP1_OUT_IRQHandler
                0x00000000080011a4                WWDG_IRQHandler
                0x00000000080011a4                TIM2_IRQHandler
                0x00000000080011a4                OTG_FS_WKUP_IRQHandler
                0x00000000080011a4                TIM1_TRG_COM_TIM11_IRQHandler
                0x00000000080011a4                OTG_HS_IRQHandler
                0x00000000080011a4                EXTI1_IRQHandler
                0x00000000080011a4                I2C2_ER_IRQHandler
                0x00000000080011a4                DMA2_Stream1_IRQHandler
                0x00000000080011a4                CAN1_SCE_IRQHandler
                0x00000000080011a4                FLASH_IRQHandler
                0x00000000080011a4                DMA2_Stream4_IRQHandler
                0x00000000080011a4                USART1_IRQHandler
                0x00000000080011a4                OTG_FS_IRQHandler
                0x00000000080011a4                SPI3_IRQHandler
                0x00000000080011a4                DMA1_Stream4_IRQHandler
                0x00000000080011a4                I2C1_ER_IRQHandler
                0x00000000080011a4                FMC_IRQHandler
                0x00000000080011a4                DMA2_Stream6_IRQHandler
                0x00000000080011a4                SAI1_IRQHandler
                0x00000000080011a4                DMA1_Stream3_IRQHandler
 *fill*         0x00000000080011a6        0x2 
 .text.HAL_Init
                0x00000000080011a8       0x44 Drivers/STM32F4xx_HAL_Driver/Src/stm32f4xx_hal.o
                0x00000000080011a8                HAL_Init
 .text.HAL_IncTick
                0x00000000080011ec       0x28 Drivers/STM32F4xx_HAL_Driver/Src/stm32f4xx_hal.o
                0x00000000080011ec                HAL_IncTick
 .text.HAL_GetTick
                0x0000000008001214       0x18 Drivers/STM32F4xx_HAL_Driver/Src/stm32f4xx_hal.o
                0x0000000008001214                HAL_GetTick
 .text.__NVIC_SetPriorityGrouping
                0x000000000800122c       0x48 Drivers/STM32F4xx_HAL_Driver/Src/stm32f4xx_hal_cortex.o
 .text.__NVIC_GetPriorityGrouping
                0x0000000008001274       0x1c Drivers/STM32F4xx_HAL_Driver/Src/stm32f4xx_hal_cortex.o
 .text.__NVIC_EnableIRQ
                0x0000000008001290       0x3c Drivers/STM32F4xx_HAL_Driver/Src/stm32f4xx_hal_cortex.o
 .text.__NVIC_SetPriority
                0x00000000080012cc       0x54 Drivers/STM32F4xx_HAL_Driver/Src/stm32f4xx_hal_cortex.o
 .text.NVIC_EncodePriority
                0x0000000008001320       0x66 Drivers/STM32F4xx_HAL_Driver/Src/stm32f4xx_hal_cortex.o
 .text.HAL_NVIC_SetPriorityGrouping
                0x0000000008001386       0x16 Drivers/STM32F4xx_HAL_Driver/Src/stm32f4xx_hal_cortex.o
                0x0000000008001386                HAL_NVIC_SetPriorityGrouping
 .text.HAL_NVIC_SetPriority
                0x000000000800139c       0x38 Drivers/STM32F4xx_HAL_Driver/Src/stm32f4xx_hal_cortex.o
                0x000000000800139c                HAL_NVIC_SetPriority
 .text.HAL_NVIC_EnableIRQ
                0x00000000080013d4       0x1c Drivers/STM32F4xx_HAL_Driver/Src/stm32f4xx_hal_cortex.o
                0x00000000080013d4                HAL_NVIC_EnableIRQ
 .text.HAL_DMA_Abort_IT
                0x00000000080013f0       0x44 Drivers/STM32F4xx_HAL_Driver/Src/stm32f4xx_hal_dma.o
                0x00000000080013f0                HAL_DMA_Abort_IT
 .text.HAL_GPIO_Init
                0x0000000008001434      0x324 Drivers/STM32F4xx_HAL_Driver/Src/stm32f4xx_hal_gpio.o
                0x0000000008001434                HAL_GPIO_Init
 .text.HAL_GPIO_WritePin
                0x0000000008001758       0x32 Drivers/STM32F4xx_HAL_Driver/Src/stm32f4xx_hal_gpio.o
                0x0000000008001758                HAL_GPIO_WritePin
 *fill*         0x000000000800178a        0x2 
 .text.HAL_RCC_ClockConfig
                0x000000000800178c      0x1cc Drivers/STM32F4xx_HAL_Driver/Src/stm32f4xx_hal_rcc.o
                0x000000000800178c                HAL_RCC_ClockConfig
 .text.HAL_RCC_GetHCLKFreq
                0x0000000008001958       0x18 Drivers/STM32F4xx_HAL_Driver/Src/stm32f4xx_hal_rcc.o
                0x0000000008001958                HAL_RCC_GetHCLKFreq
 .text.HAL_RCC_GetPCLK1Freq
                0x0000000008001970       0x28 Drivers/STM32F4xx_HAL_Driver/Src/stm32f4xx_hal_rcc.o
                0x0000000008001970                HAL_RCC_GetPCLK1Freq
 .text.HAL_RCC_GetPCLK2Freq
                0x0000000008001998       0x28 Drivers/STM32F4xx_HAL_Driver/Src/stm32f4xx_hal_rcc.o
                0x0000000008001998                HAL_RCC_GetPCLK2Freq
 .text.HAL_RCC_GetClockConfig
                0x00000000080019c0       0x64 Drivers/STM32F4xx_HAL_Driver/Src/stm32f4xx_hal_rcc.o
                0x00000000080019c0                HAL_RCC_GetClockConfig
 .text.HAL_RCCEx_PeriphCLKConfig
                0x0000000008001a24      0x654 Drivers/STM32F4xx_HAL_Driver/Src/stm32f4xx_hal_rcc_ex.o
                0x0000000008001a24                HAL_RCCEx_PeriphCLKConfig
 .text.HAL_RCC_GetSysClockFreq
                0x0000000008002078      0x340 Drivers/STM32F4xx_HAL_Driver/Src/stm32f4xx_hal_rcc_ex.o
                0x0000000008002078                HAL_RCC_GetSysClockFreq
 .text.HAL_RCC_OscConfig
                0x00000000080023b8      0x4b4 Drivers/STM32F4xx_HAL_Driver/Src/stm32f4xx_hal_rcc_ex.o
                0x00000000080023b8                HAL_RCC_OscConfig
 .text.HAL_RTC_Init
                0x000000000800286c      0x122 Drivers/STM32F4xx_HAL_Driver/Src/stm32f4xx_hal_rtc.o
                0x000000000800286c                HAL_RTC_Init
 .text.HAL_RTC_WaitForSynchro
                0x000000000800298e       0x50 Drivers/STM32F4xx_HAL_Driver/Src/stm32f4xx_hal_rtc.o
                0x000000000800298e                HAL_RTC_WaitForSynchro
 .text.RTC_EnterInitMode
                0x00000000080029de       0x58 Drivers/STM32F4xx_HAL_Driver/Src/stm32f4xx_hal_rtc.o
                0x00000000080029de                RTC_EnterInitMode
 .text.HAL_TIM_Base_Init
                0x0000000008002a36       0x56 Drivers/STM32F4xx_HAL_Driver/Src/stm32f4xx_hal_tim.o
                0x0000000008002a36                HAL_TIM_Base_Init
 .text.HAL_TIM_Base_MspInit
                0x0000000008002a8c       0x14 Drivers/STM32F4xx_HAL_Driver/Src/stm32f4xx_hal_tim.o
                0x0000000008002a8c                HAL_TIM_Base_MspInit
 .text.HAL_TIM_Base_Start_IT
                0x0000000008002aa0       0x48 Drivers/STM32F4xx_HAL_Driver/Src/stm32f4xx_hal_tim.o
                0x0000000008002aa0                HAL_TIM_Base_Start_IT
 .text.HAL_TIM_IRQHandler
                0x0000000008002ae8      0x210 Drivers/STM32F4xx_HAL_Driver/Src/stm32f4xx_hal_tim.o
                0x0000000008002ae8                HAL_TIM_IRQHandler
 .text.HAL_TIM_OC_DelayElapsedCallback
                0x0000000008002cf8       0x14 Drivers/STM32F4xx_HAL_Driver/Src/stm32f4xx_hal_tim.o
                0x0000000008002cf8                HAL_TIM_OC_DelayElapsedCallback
 .text.HAL_TIM_IC_CaptureCallback
                0x0000000008002d0c       0x14 Drivers/STM32F4xx_HAL_Driver/Src/stm32f4xx_hal_tim.o
                0x0000000008002d0c                HAL_TIM_IC_CaptureCallback
 .text.HAL_TIM_PWM_PulseFinishedCallback
                0x0000000008002d20       0x14 Drivers/STM32F4xx_HAL_Driver/Src/stm32f4xx_hal_tim.o
                0x0000000008002d20                HAL_TIM_PWM_PulseFinishedCallback
 .text.HAL_TIM_TriggerCallback
                0x0000000008002d34       0x14 Drivers/STM32F4xx_HAL_Driver/Src/stm32f4xx_hal_tim.o
                0x0000000008002d34                HAL_TIM_TriggerCallback
 .text.TIM_Base_SetConfig
                0x0000000008002d48      0x140 Drivers/STM32F4xx_HAL_Driver/Src/stm32f4xx_hal_tim.o
                0x0000000008002d48                TIM_Base_SetConfig
 .text.HAL_TIMEx_CommutCallback
                0x0000000008002e88       0x14 Drivers/STM32F4xx_HAL_Driver/Src/stm32f4xx_hal_tim_ex.o
                0x0000000008002e88                HAL_TIMEx_CommutCallback
 .text.HAL_TIMEx_BreakCallback
                0x0000000008002e9c       0x14 Drivers/STM32F4xx_HAL_Driver/Src/stm32f4xx_hal_tim_ex.o
                0x0000000008002e9c                HAL_TIMEx_BreakCallback
 .text.HAL_UART_Init
                0x0000000008002eb0       0x9a Drivers/STM32F4xx_HAL_Driver/Src/stm32f4xx_hal_uart.o
                0x0000000008002eb0                HAL_UART_Init
 .text.HAL_UART_Transmit
                0x0000000008002f4a      0x132 Drivers/STM32F4xx_HAL_Driver/Src/stm32f4xx_hal_uart.o
                0x0000000008002f4a                HAL_UART_Transmit
 .text.HAL_UART_Receive_IT
                0x000000000800307c       0xaa Drivers/STM32F4xx_HAL_Driver/Src/stm32f4xx_hal_uart.o
                0x000000000800307c                HAL_UART_Receive_IT
 *fill*         0x0000000008003126        0x2 
 .text.HAL_UART_IRQHandler
                0x0000000008003128      0x200 Drivers/STM32F4xx_HAL_Driver/Src/stm32f4xx_hal_uart.o
                0x0000000008003128                HAL_UART_IRQHandler
 .text.HAL_UART_TxCpltCallback
                0x0000000008003328       0x14 Drivers/STM32F4xx_HAL_Driver/Src/stm32f4xx_hal_uart.o
                0x0000000008003328                HAL_UART_TxCpltCallback
 .text.HAL_UART_ErrorCallback
                0x000000000800333c       0x14 Drivers/STM32F4xx_HAL_Driver/Src/stm32f4xx_hal_uart.o
                0x000000000800333c                HAL_UART_ErrorCallback
 .text.UART_WaitOnFlagUntilTimeout
                0x0000000008003350       0x94 Drivers/STM32F4xx_HAL_Driver/Src/stm32f4xx_hal_uart.o
 .text.UART_EndRxTransfer
                0x00000000080033e4       0x3c Drivers/STM32F4xx_HAL_Driver/Src/stm32f4xx_hal_uart.o
 .text.UART_DMAAbortOnError
                0x0000000008003420       0x28 Drivers/STM32F4xx_HAL_Driver/Src/stm32f4xx_hal_uart.o
 .text.UART_Transmit_IT
                0x0000000008003448       0xac Drivers/STM32F4xx_HAL_Driver/Src/stm32f4xx_hal_uart.o
 .text.UART_EndTransmit_IT
                0x00000000080034f4       0x30 Drivers/STM32F4xx_HAL_Driver/Src/stm32f4xx_hal_uart.o
 .text.UART_Receive_IT
                0x0000000008003524      0x102 Drivers/STM32F4xx_HAL_Driver/Src/stm32f4xx_hal_uart.o
 *fill*         0x0000000008003626        0x2 
 .text.UART_SetConfig
                0x0000000008003628      0x6f8 Drivers/STM32F4xx_HAL_Driver/Src/stm32f4xx_hal_uart.o
 .text.vListInitialise
                0x0000000008003d20       0x40 common/ThirdParty/FreeRTOS/list.o
                0x0000000008003d20                vListInitialise
 .text.vListInitialiseItem
                0x0000000008003d60       0x1a common/ThirdParty/FreeRTOS/list.o
                0x0000000008003d60                vListInitialiseItem
 .text.vListInsertEnd
                0x0000000008003d7a       0x48 common/ThirdParty/FreeRTOS/list.o
                0x0000000008003d7a                vListInsertEnd
 .text.vListInsert
                0x0000000008003dc2       0x72 common/ThirdParty/FreeRTOS/list.o
                0x0000000008003dc2                vListInsert
 .text.uxListRemove
                0x0000000008003e34       0x54 common/ThirdParty/FreeRTOS/list.o
                0x0000000008003e34                uxListRemove
 .text.xQueueGenericReset
                0x0000000008003e88       0xd0 common/ThirdParty/FreeRTOS/queue.o
                0x0000000008003e88                xQueueGenericReset
 .text.xQueueGenericCreate
                0x0000000008003f58       0xb8 common/ThirdParty/FreeRTOS/queue.o
                0x0000000008003f58                xQueueGenericCreate
 .text.prvInitialiseNewQueue
                0x0000000008004010       0x46 common/ThirdParty/FreeRTOS/queue.o
 *fill*         0x0000000008004056        0x2 
 .text.xQueueGenericSend
                0x0000000008004058      0x1f4 common/ThirdParty/FreeRTOS/queue.o
                0x0000000008004058                xQueueGenericSend
 .text.xQueueGenericSendFromISR
                0x000000000800424c      0x14a common/ThirdParty/FreeRTOS/queue.o
                0x000000000800424c                xQueueGenericSendFromISR
 *fill*         0x0000000008004396        0x2 
 .text.xQueueReceive
                0x0000000008004398      0x1b8 common/ThirdParty/FreeRTOS/queue.o
                0x0000000008004398                xQueueReceive
 .text.xQueueReceiveFromISR
                0x0000000008004550      0x116 common/ThirdParty/FreeRTOS/queue.o
                0x0000000008004550                xQueueReceiveFromISR
 .text.uxQueueMessagesWaiting
                0x0000000008004666       0x3a common/ThirdParty/FreeRTOS/queue.o
                0x0000000008004666                uxQueueMessagesWaiting
 .text.prvCopyDataToQueue
                0x00000000080046a0       0xd4 common/ThirdParty/FreeRTOS/queue.o
 .text.prvCopyDataFromQueue
                0x0000000008004774       0x4c common/ThirdParty/FreeRTOS/queue.o
 .text.prvUnlockQueue
                0x00000000080047c0       0xa4 common/ThirdParty/FreeRTOS/queue.o
 .text.prvIsQueueEmpty
                0x0000000008004864       0x2c common/ThirdParty/FreeRTOS/queue.o
 .text.prvIsQueueFull
                0x0000000008004890       0x30 common/ThirdParty/FreeRTOS/queue.o
 .text.xQueueIsQueueFullFromISR
                0x00000000080048c0       0x4a common/ThirdParty/FreeRTOS/queue.o
                0x00000000080048c0                xQueueIsQueueFullFromISR
 *fill*         0x000000000800490a        0x2 
 .text.vQueueAddToRegistry
                0x000000000800490c       0x50 common/ThirdParty/FreeRTOS/queue.o
                0x000000000800490c                vQueueAddToRegistry
 .text.vQueueWaitForMessageRestricted
                0x000000000800495c       0x68 common/ThirdParty/FreeRTOS/queue.o
                0x000000000800495c                vQueueWaitForMessageRestricted
 .text.xTaskCreate
                0x00000000080049c4       0x82 common/ThirdParty/FreeRTOS/tasks.o
                0x00000000080049c4                xTaskCreate
 .text.prvInitialiseNewTask
                0x0000000008004a46      0x12a common/ThirdParty/FreeRTOS/tasks.o
 .text.prvAddNewTaskToReadyList
                0x0000000008004b70       0xdc common/ThirdParty/FreeRTOS/tasks.o
 .text.vTaskStartScheduler
                0x0000000008004c4c       0xa0 common/ThirdParty/FreeRTOS/tasks.o
                0x0000000008004c4c                vTaskStartScheduler
 .text.vTaskSuspendAll
                0x0000000008004cec       0x1c common/ThirdParty/FreeRTOS/tasks.o
                0x0000000008004cec                vTaskSuspendAll
 .text.xTaskResumeAll
                0x0000000008004d08      0x138 common/ThirdParty/FreeRTOS/tasks.o
                0x0000000008004d08                xTaskResumeAll
 .text.xTaskGetTickCount
                0x0000000008004e40       0x20 common/ThirdParty/FreeRTOS/tasks.o
                0x0000000008004e40                xTaskGetTickCount
 .text.xTaskIncrementTick
                0x0000000008004e60      0x170 common/ThirdParty/FreeRTOS/tasks.o
                0x0000000008004e60                xTaskIncrementTick
 .text.vTaskSwitchContext
                0x0000000008004fd0       0xb4 common/ThirdParty/FreeRTOS/tasks.o
                0x0000000008004fd0                vTaskSwitchContext
 .text.vTaskPlaceOnEventList
                0x0000000008005084       0x48 common/ThirdParty/FreeRTOS/tasks.o
                0x0000000008005084                vTaskPlaceOnEventList
 .text.vTaskPlaceOnEventListRestricted
                0x00000000080050cc       0x54 common/ThirdParty/FreeRTOS/tasks.o
                0x00000000080050cc                vTaskPlaceOnEventListRestricted
 .text.xTaskRemoveFromEventList
                0x0000000008005120       0xc4 common/ThirdParty/FreeRTOS/tasks.o
                0x0000000008005120                xTaskRemoveFromEventList
 .text.vTaskInternalSetTimeOutState
                0x00000000080051e4       0x2c common/ThirdParty/FreeRTOS/tasks.o
                0x00000000080051e4                vTaskInternalSetTimeOutState
 .text.xTaskCheckForTimeOut
                0x0000000008005210       0xc8 common/ThirdParty/FreeRTOS/tasks.o
                0x0000000008005210                xTaskCheckForTimeOut
 .text.vTaskMissedYield
                0x00000000080052d8       0x18 common/ThirdParty/FreeRTOS/tasks.o
                0x00000000080052d8                vTaskMissedYield
 .text.prvIdleTask
                0x00000000080052f0       0x30 common/ThirdParty/FreeRTOS/tasks.o
 .text.prvInitialiseTaskLists
                0x0000000008005320       0x80 common/ThirdParty/FreeRTOS/tasks.o
 .text.prvCheckTasksWaitingTermination
                0x00000000080053a0       0x58 common/ThirdParty/FreeRTOS/tasks.o
 .text.prvDeleteTCB
                0x00000000080053f8       0x20 common/ThirdParty/FreeRTOS/tasks.o
 .text.prvResetNextTaskUnblockTime
                0x0000000008005418       0x38 common/ThirdParty/FreeRTOS/tasks.o
 .text.xTaskGetSchedulerState
                0x0000000008005450       0x3c common/ThirdParty/FreeRTOS/tasks.o
                0x0000000008005450                xTaskGetSchedulerState
 .text.xTaskPriorityDisinherit
                0x000000000800548c       0xf0 common/ThirdParty/FreeRTOS/tasks.o
                0x000000000800548c                xTaskPriorityDisinherit
 .text.xTaskGenericNotifyWait
                0x000000000800557c       0xfc common/ThirdParty/FreeRTOS/tasks.o
                0x000000000800557c                xTaskGenericNotifyWait
 .text.xTaskGenericNotify
                0x0000000008005678      0x1b8 common/ThirdParty/FreeRTOS/tasks.o
                0x0000000008005678                xTaskGenericNotify
 .text.xTaskGenericNotifyFromISR
                0x0000000008005830      0x1fc common/ThirdParty/FreeRTOS/tasks.o
                0x0000000008005830                xTaskGenericNotifyFromISR
 .text.prvAddCurrentTaskToDelayedList
                0x0000000008005a2c       0xcc common/ThirdParty/FreeRTOS/tasks.o
 .text.xTimerCreateTimerTask
                0x0000000008005af8       0x64 common/ThirdParty/FreeRTOS/timers.o
                0x0000000008005af8                xTimerCreateTimerTask
 .text.xTimerCreate
                0x0000000008005b5c       0x42 common/ThirdParty/FreeRTOS/timers.o
                0x0000000008005b5c                xTimerCreate
 .text.prvInitialiseNewTimer
                0x0000000008005b9e       0x74 common/ThirdParty/FreeRTOS/timers.o
 *fill*         0x0000000008005c12        0x2 
 .text.xTimerGenericCommand
                0x0000000008005c14       0x98 common/ThirdParty/FreeRTOS/timers.o
                0x0000000008005c14                xTimerGenericCommand
 .text.prvProcessExpiredTimer
                0x0000000008005cac       0x98 common/ThirdParty/FreeRTOS/timers.o
 .text.prvTimerTask
                0x0000000008005d44       0x24 common/ThirdParty/FreeRTOS/timers.o
 .text.prvProcessTimerOrBlockTask
                0x0000000008005d68       0x9c common/ThirdParty/FreeRTOS/timers.o
 .text.prvGetNextExpireTime
                0x0000000008005e04       0x48 common/ThirdParty/FreeRTOS/timers.o
 .text.prvSampleTimeNow
                0x0000000008005e4c       0x40 common/ThirdParty/FreeRTOS/timers.o
 .text.prvInsertTimerInActiveList
                0x0000000008005e8c       0x84 common/ThirdParty/FreeRTOS/timers.o
 .text.prvProcessReceivedCommands
                0x0000000008005f10      0x188 common/ThirdParty/FreeRTOS/timers.o
 .text.prvSwitchTimerLists
                0x0000000008006098       0xc8 common/ThirdParty/FreeRTOS/timers.o
 .text.prvCheckForValidListAndQueue
                0x0000000008006160       0x6c common/ThirdParty/FreeRTOS/timers.o
 .text.pxPortInitialiseStack
                0x00000000080061cc       0x68 common/ThirdParty/FreeRTOS/portable/GCC/ARM_CM4F/port.o
                0x00000000080061cc                pxPortInitialiseStack
 .text.prvTaskExitError
                0x0000000008006234       0x54 common/ThirdParty/FreeRTOS/portable/GCC/ARM_CM4F/port.o
 *fill*         0x0000000008006288        0x8 
 .text.SVC_Handler
                0x0000000008006290       0x28 common/ThirdParty/FreeRTOS/portable/GCC/ARM_CM4F/port.o
                0x0000000008006290                SVC_Handler
 .text.prvPortStartFirstTask
                0x00000000080062b8       0x2c common/ThirdParty/FreeRTOS/portable/GCC/ARM_CM4F/port.o
 .text.xPortStartScheduler
                0x00000000080062e4      0x13c common/ThirdParty/FreeRTOS/portable/GCC/ARM_CM4F/port.o
                0x00000000080062e4                xPortStartScheduler
 .text.vPortEnterCritical
                0x0000000008006420       0x5c common/ThirdParty/FreeRTOS/portable/GCC/ARM_CM4F/port.o
                0x0000000008006420                vPortEnterCritical
 .text.vPortExitCritical
                0x000000000800647c       0x50 common/ThirdParty/FreeRTOS/portable/GCC/ARM_CM4F/port.o
                0x000000000800647c                vPortExitCritical
 *fill*         0x00000000080064cc        0x4 
 .text.PendSV_Handler
                0x00000000080064d0       0x68 common/ThirdParty/FreeRTOS/portable/GCC/ARM_CM4F/port.o
                0x00000000080064d0                PendSV_Handler
 .text.SysTick_Handler
                0x0000000008006538       0x40 common/ThirdParty/FreeRTOS/portable/GCC/ARM_CM4F/port.o
                0x0000000008006538                SysTick_Handler
 .text.vPortSetupTimerInterrupt
                0x0000000008006578       0x48 common/ThirdParty/FreeRTOS/portable/GCC/ARM_CM4F/port.o
                0x0000000008006578                vPortSetupTimerInterrupt
 .text.vPortEnableVFP
                0x00000000080065c0       0x18 common/ThirdParty/FreeRTOS/portable/GCC/ARM_CM4F/port.o
 .text.vPortValidateInterruptPriority
                0x00000000080065d8       0x7c common/ThirdParty/FreeRTOS/portable/GCC/ARM_CM4F/port.o
                0x00000000080065d8                vPortValidateInterruptPriority
 .text.pvPortMalloc
                0x0000000008006654      0x1b8 common/ThirdParty/FreeRTOS/portable/MemMang/heap_4.o
                0x0000000008006654                pvPortMalloc
 .text.vPortFree
                0x000000000800680c       0xc0 common/ThirdParty/FreeRTOS/portable/MemMang/heap_4.o
                0x000000000800680c                vPortFree
 .text.prvHeapInit
                0x00000000080068cc       0xc4 common/ThirdParty/FreeRTOS/portable/MemMang/heap_4.o
 .text.prvInsertBlockIntoFreeList
                0x0000000008006990       0xb4 common/ThirdParty/FreeRTOS/portable/MemMang/heap_4.o
 .text.__libc_init_array
                0x0000000008006a44       0x48 c:/st/stm32cubeide_1.4.0/stm32cubeide/plugins/com.st.stm32cube.ide.mcu.externaltools.gnu-tools-for-stm32.7-2018-q2-update.win32_1.4.0.202007081208/tools/bin/../lib/gcc/arm-none-eabi/7.3.1/../../../../arm-none-eabi/lib/thumb/v7e-m/fpv4-sp/hard\libc_nano.a(lib_a-init.o)
                0x0000000008006a44                __libc_init_array
 .text.memcpy   0x0000000008006a8c       0x16 c:/st/stm32cubeide_1.4.0/stm32cubeide/plugins/com.st.stm32cube.ide.mcu.externaltools.gnu-tools-for-stm32.7-2018-q2-update.win32_1.4.0.202007081208/tools/bin/../lib/gcc/arm-none-eabi/7.3.1/../../../../arm-none-eabi/lib/thumb/v7e-m/fpv4-sp/hard\libc_nano.a(lib_a-memcpy-stub.o)
                0x0000000008006a8c                memcpy
 .text.memset   0x0000000008006aa2       0x10 c:/st/stm32cubeide_1.4.0/stm32cubeide/plugins/com.st.stm32cube.ide.mcu.externaltools.gnu-tools-for-stm32.7-2018-q2-update.win32_1.4.0.202007081208/tools/bin/../lib/gcc/arm-none-eabi/7.3.1/../../../../arm-none-eabi/lib/thumb/v7e-m/fpv4-sp/hard\libc_nano.a(lib_a-memset.o)
                0x0000000008006aa2                memset
 *(.glue_7)
 .glue_7        0x0000000008006ab2        0x0 linker stubs
 *(.glue_7t)
 .glue_7t       0x0000000008006ab2        0x0 linker stubs
 *(.eh_frame)
 *fill*         0x0000000008006ab2        0x2 
 .eh_frame      0x0000000008006ab4        0x0 c:/st/stm32cubeide_1.4.0/stm32cubeide/plugins/com.st.stm32cube.ide.mcu.externaltools.gnu-tools-for-stm32.7-2018-q2-update.win32_1.4.0.202007081208/tools/bin/../lib/gcc/arm-none-eabi/7.3.1/thumb/v7e-m/fpv4-sp/hard/crtbegin.o
 *(.init)
 .init          0x0000000008006ab4        0x4 c:/st/stm32cubeide_1.4.0/stm32cubeide/plugins/com.st.stm32cube.ide.mcu.externaltools.gnu-tools-for-stm32.7-2018-q2-update.win32_1.4.0.202007081208/tools/bin/../lib/gcc/arm-none-eabi/7.3.1/thumb/v7e-m/fpv4-sp/hard/crti.o
                0x0000000008006ab4                _init
 .init          0x0000000008006ab8        0x8 c:/st/stm32cubeide_1.4.0/stm32cubeide/plugins/com.st.stm32cube.ide.mcu.externaltools.gnu-tools-for-stm32.7-2018-q2-update.win32_1.4.0.202007081208/tools/bin/../lib/gcc/arm-none-eabi/7.3.1/thumb/v7e-m/fpv4-sp/hard/crtn.o
 *(.fini)
 .fini          0x0000000008006ac0        0x4 c:/st/stm32cubeide_1.4.0/stm32cubeide/plugins/com.st.stm32cube.ide.mcu.externaltools.gnu-tools-for-stm32.7-2018-q2-update.win32_1.4.0.202007081208/tools/bin/../lib/gcc/arm-none-eabi/7.3.1/thumb/v7e-m/fpv4-sp/hard/crti.o
                0x0000000008006ac0                _fini
 .fini          0x0000000008006ac4        0x8 c:/st/stm32cubeide_1.4.0/stm32cubeide/plugins/com.st.stm32cube.ide.mcu.externaltools.gnu-tools-for-stm32.7-2018-q2-update.win32_1.4.0.202007081208/tools/bin/../lib/gcc/arm-none-eabi/7.3.1/thumb/v7e-m/fpv4-sp/hard/crtn.o
                0x0000000008006acc                . = ALIGN (0x4)
                0x0000000008006acc                _etext = .

.vfp11_veneer   0x0000000008006acc        0x0
 .vfp11_veneer  0x0000000008006acc        0x0 linker stubs

.v4_bx          0x0000000008006acc        0x0
 .v4_bx         0x0000000008006acc        0x0 linker stubs

.iplt           0x0000000008006acc        0x0
 .iplt          0x0000000008006acc        0x0 c:/st/stm32cubeide_1.4.0/stm32cubeide/plugins/com.st.stm32cube.ide.mcu.externaltools.gnu-tools-for-stm32.7-2018-q2-update.win32_1.4.0.202007081208/tools/bin/../lib/gcc/arm-none-eabi/7.3.1/thumb/v7e-m/fpv4-sp/hard/crtbegin.o

.rodata         0x0000000008006acc      0x1b4
                0x0000000008006acc                . = ALIGN (0x4)
 *(.rodata)
 .rodata        0x0000000008006acc       0x46 Core/Src/main.o
 *fill*         0x0000000008006b12        0x2 
 .rodata        0x0000000008006b14      0x13b Core/Src/task_handler.o
 *fill*         0x0000000008006c4f        0x1 
 .rodata        0x0000000008006c50        0x5 common/ThirdParty/FreeRTOS/tasks.o
 *fill*         0x0000000008006c55        0x3 
 .rodata        0x0000000008006c58        0xd common/ThirdParty/FreeRTOS/timers.o
 *(.rodata*)
 *fill*         0x0000000008006c65        0x3 
 .rodata.AHBPrescTable
                0x0000000008006c68       0x10 Core/Src/system_stm32f4xx.o
                0x0000000008006c68                AHBPrescTable
 .rodata.APBPrescTable
                0x0000000008006c78        0x8 Core/Src/system_stm32f4xx.o
                0x0000000008006c78                APBPrescTable
                0x0000000008006c80                . = ALIGN (0x4)

.ARM.extab      0x0000000008006c80        0x0
                0x0000000008006c80                . = ALIGN (0x4)
 *(.ARM.extab* .gnu.linkonce.armextab.*)
                0x0000000008006c80                . = ALIGN (0x4)

.ARM            0x0000000008006c80        0x8
                0x0000000008006c80                . = ALIGN (0x4)
                0x0000000008006c80                __exidx_start = .
 *(.ARM.exidx*)
 .ARM.exidx     0x0000000008006c80        0x8 c:/st/stm32cubeide_1.4.0/stm32cubeide/plugins/com.st.stm32cube.ide.mcu.externaltools.gnu-tools-for-stm32.7-2018-q2-update.win32_1.4.0.202007081208/tools/bin/../lib/gcc/arm-none-eabi/7.3.1/thumb/v7e-m/fpv4-sp/hard\libgcc.a(_udivmoddi4.o)
                0x0000000008006c88                __exidx_end = .
                0x0000000008006c88                . = ALIGN (0x4)

.rel.dyn        0x0000000008006c88        0x0
 .rel.iplt      0x0000000008006c88        0x0 c:/st/stm32cubeide_1.4.0/stm32cubeide/plugins/com.st.stm32cube.ide.mcu.externaltools.gnu-tools-for-stm32.7-2018-q2-update.win32_1.4.0.202007081208/tools/bin/../lib/gcc/arm-none-eabi/7.3.1/thumb/v7e-m/fpv4-sp/hard/crtbegin.o

.preinit_array  0x0000000008006c88        0x0
                0x0000000008006c88                . = ALIGN (0x4)
                0x0000000008006c88                PROVIDE (__preinit_array_start = .)
 *(.preinit_array*)
                0x0000000008006c88                PROVIDE (__preinit_array_end = .)
                0x0000000008006c88                . = ALIGN (0x4)

.init_array     0x0000000008006c88        0x4
                0x0000000008006c88                . = ALIGN (0x4)
                0x0000000008006c88                PROVIDE (__init_array_start = .)
 *(SORT_BY_NAME(.init_array.*))
 *(.init_array*)
 .init_array    0x0000000008006c88        0x4 c:/st/stm32cubeide_1.4.0/stm32cubeide/plugins/com.st.stm32cube.ide.mcu.externaltools.gnu-tools-for-stm32.7-2018-q2-update.win32_1.4.0.202007081208/tools/bin/../lib/gcc/arm-none-eabi/7.3.1/thumb/v7e-m/fpv4-sp/hard/crtbegin.o
                0x0000000008006c8c                PROVIDE (__init_array_end = .)
                0x0000000008006c8c                . = ALIGN (0x4)

.fini_array     0x0000000008006c8c        0x4
                0x0000000008006c8c                . = ALIGN (0x4)
                [!provide]                        PROVIDE (__fini_array_start = .)
 *(SORT_BY_NAME(.fini_array.*))
 *(.fini_array*)
 .fini_array    0x0000000008006c8c        0x4 c:/st/stm32cubeide_1.4.0/stm32cubeide/plugins/com.st.stm32cube.ide.mcu.externaltools.gnu-tools-for-stm32.7-2018-q2-update.win32_1.4.0.202007081208/tools/bin/../lib/gcc/arm-none-eabi/7.3.1/thumb/v7e-m/fpv4-sp/hard/crtbegin.o
                [!provide]                        PROVIDE (__fini_array_end = .)
                0x0000000008006c90                . = ALIGN (0x4)
                0x0000000008006c90                _sidata = LOADADDR (.data)

.data           0x0000000020000000       0x1c load address 0x0000000008006c90
                0x0000000020000000                . = ALIGN (0x4)
                0x0000000020000000                _sdata = .
 *(.data)
 *(.data*)
 .data.flag.9265
                0x0000000020000000        0x4 Core/Src/led_effect.o
 .data.SystemCoreClock
                0x0000000020000004        0x4 Core/Src/system_stm32f4xx.o
                0x0000000020000004                SystemCoreClock
 .data.msg_inv  0x0000000020000008        0x4 Core/Src/task_handler.o
                0x0000000020000008                msg_inv
 .data.uwTickPrio
                0x000000002000000c        0x4 Drivers/STM32F4xx_HAL_Driver/Src/stm32f4xx_hal.o
                0x000000002000000c                uwTickPrio
 .data.uwTickFreq
                0x0000000020000010        0x1 Drivers/STM32F4xx_HAL_Driver/Src/stm32f4xx_hal.o
                0x0000000020000010                uwTickFreq
 *fill*         0x0000000020000011        0x3 
 .data.uxTopUsedPriority
                0x0000000020000014        0x4 common/ThirdParty/FreeRTOS/tasks.o
                0x0000000020000014                uxTopUsedPriority
 .data.uxCriticalNesting
                0x0000000020000018        0x4 common/ThirdParty/FreeRTOS/portable/GCC/ARM_CM4F/port.o
                0x000000002000001c                . = ALIGN (0x4)
                0x000000002000001c                _edata = .

.igot.plt       0x000000002000001c        0x0 load address 0x0000000008006cac
 .igot.plt      0x000000002000001c        0x0 c:/st/stm32cubeide_1.4.0/stm32cubeide/plugins/com.st.stm32cube.ide.mcu.externaltools.gnu-tools-for-stm32.7-2018-q2-update.win32_1.4.0.202007081208/tools/bin/../lib/gcc/arm-none-eabi/7.3.1/thumb/v7e-m/fpv4-sp/hard/crtbegin.o
                0x000000002000001c                . = ALIGN (0x4)

.bss            0x000000002000001c    0x12e9c load address 0x0000000008006cac
                0x000000002000001c                _sbss = .
                0x000000002000001c                __bss_start__ = _sbss
 *(.bss)
 .bss           0x000000002000001c       0x1c c:/st/stm32cubeide_1.4.0/stm32cubeide/plugins/com.st.stm32cube.ide.mcu.externaltools.gnu-tools-for-stm32.7-2018-q2-update.win32_1.4.0.202007081208/tools/bin/../lib/gcc/arm-none-eabi/7.3.1/thumb/v7e-m/fpv4-sp/hard/crtbegin.o
 *(.bss*)
 .bss.curr_state
                0x0000000020000038        0x1 Core/Src/main.o
                0x0000000020000038                curr_state
 *fill*         0x0000000020000039        0x3 
 .bss.pxCurrentTCB
                0x000000002000003c        0x4 common/ThirdParty/FreeRTOS/tasks.o
                0x000000002000003c                pxCurrentTCB
 .bss.pxReadyTasksLists
                0x0000000020000040       0x64 common/ThirdParty/FreeRTOS/tasks.o
 .bss.xDelayedTaskList1
                0x00000000200000a4       0x14 common/ThirdParty/FreeRTOS/tasks.o
 .bss.xDelayedTaskList2
                0x00000000200000b8       0x14 common/ThirdParty/FreeRTOS/tasks.o
 .bss.pxDelayedTaskList
                0x00000000200000cc        0x4 common/ThirdParty/FreeRTOS/tasks.o
 .bss.pxOverflowDelayedTaskList
                0x00000000200000d0        0x4 common/ThirdParty/FreeRTOS/tasks.o
 .bss.xPendingReadyList
                0x00000000200000d4       0x14 common/ThirdParty/FreeRTOS/tasks.o
 .bss.xTasksWaitingTermination
                0x00000000200000e8       0x14 common/ThirdParty/FreeRTOS/tasks.o
 .bss.uxDeletedTasksWaitingCleanUp
                0x00000000200000fc        0x4 common/ThirdParty/FreeRTOS/tasks.o
 .bss.xSuspendedTaskList
                0x0000000020000100       0x14 common/ThirdParty/FreeRTOS/tasks.o
 .bss.uxCurrentNumberOfTasks
                0x0000000020000114        0x4 common/ThirdParty/FreeRTOS/tasks.o
 .bss.xTickCount
                0x0000000020000118        0x4 common/ThirdParty/FreeRTOS/tasks.o
 .bss.uxTopReadyPriority
                0x000000002000011c        0x4 common/ThirdParty/FreeRTOS/tasks.o
 .bss.xSchedulerRunning
                0x0000000020000120        0x4 common/ThirdParty/FreeRTOS/tasks.o
 .bss.xPendedTicks
                0x0000000020000124        0x4 common/ThirdParty/FreeRTOS/tasks.o
 .bss.xYieldPending
                0x0000000020000128        0x4 common/ThirdParty/FreeRTOS/tasks.o
 .bss.xNumOfOverflows
                0x000000002000012c        0x4 common/ThirdParty/FreeRTOS/tasks.o
 .bss.uxTaskNumber
                0x0000000020000130        0x4 common/ThirdParty/FreeRTOS/tasks.o
 .bss.xNextTaskUnblockTime
                0x0000000020000134        0x4 common/ThirdParty/FreeRTOS/tasks.o
 .bss.xIdleTaskHandle
                0x0000000020000138        0x4 common/ThirdParty/FreeRTOS/tasks.o
 .bss.uxSchedulerSuspended
                0x000000002000013c        0x4 common/ThirdParty/FreeRTOS/tasks.o
 .bss.xActiveTimerList1
                0x0000000020000140       0x14 common/ThirdParty/FreeRTOS/timers.o
 .bss.xActiveTimerList2
                0x0000000020000154       0x14 common/ThirdParty/FreeRTOS/timers.o
 .bss.pxCurrentTimerList
                0x0000000020000168        0x4 common/ThirdParty/FreeRTOS/timers.o
 .bss.pxOverflowTimerList
                0x000000002000016c        0x4 common/ThirdParty/FreeRTOS/timers.o
 .bss.xTimerQueue
                0x0000000020000170        0x4 common/ThirdParty/FreeRTOS/timers.o
 .bss.xTimerTaskHandle
                0x0000000020000174        0x4 common/ThirdParty/FreeRTOS/timers.o
 .bss.xLastTime.6736
                0x0000000020000178        0x4 common/ThirdParty/FreeRTOS/timers.o
 .bss.ucMaxSysCallPriority
                0x000000002000017c        0x1 common/ThirdParty/FreeRTOS/portable/GCC/ARM_CM4F/port.o
 *fill*         0x000000002000017d        0x3 
 .bss.ulMaxPRIGROUPValue
                0x0000000020000180        0x4 common/ThirdParty/FreeRTOS/portable/GCC/ARM_CM4F/port.o
 .bss.ucHeap    0x0000000020000184    0x12c00 common/ThirdParty/FreeRTOS/portable/MemMang/heap_4.o
 .bss.xStart    0x0000000020012d84        0x8 common/ThirdParty/FreeRTOS/portable/MemMang/heap_4.o
 .bss.pxEnd     0x0000000020012d8c        0x4 common/ThirdParty/FreeRTOS/portable/MemMang/heap_4.o
 .bss.xFreeBytesRemaining
                0x0000000020012d90        0x4 common/ThirdParty/FreeRTOS/portable/MemMang/heap_4.o
 .bss.xMinimumEverFreeBytesRemaining
                0x0000000020012d94        0x4 common/ThirdParty/FreeRTOS/portable/MemMang/heap_4.o
 .bss.xNumberOfSuccessfulAllocations
                0x0000000020012d98        0x4 common/ThirdParty/FreeRTOS/portable/MemMang/heap_4.o
 .bss.xNumberOfSuccessfulFrees
                0x0000000020012d9c        0x4 common/ThirdParty/FreeRTOS/portable/MemMang/heap_4.o
 .bss.xBlockAllocatedBit
                0x0000000020012da0        0x4 common/ThirdParty/FreeRTOS/portable/MemMang/heap_4.o
 *(COMMON)
 COMMON         0x0000000020012da4       0x90 Core/Src/main.o
                0x0000000020012da4                handle_led_timer
                0x0000000020012db4                handle_rtc_task
                0x0000000020012db8                handle_cmd_task
                0x0000000020012dbc                q_data
                0x0000000020012dc0                handle_menu_task
                0x0000000020012dc4                q_print
                0x0000000020012dc8                hrtc
                0x0000000020012de8                handle_print_task
                0x0000000020012dec                handle_led_task
                0x0000000020012df0                user_data
                0x0000000020012df1                dummy
                0x0000000020012df4                huart2
 COMMON         0x0000000020012e34       0x40 Core/Src/stm32f4xx_hal_timebase_tim.o
                0x0000000020012e34                htim6
 COMMON         0x0000000020012e74        0x4 Drivers/STM32F4xx_HAL_Driver/Src/stm32f4xx_hal.o
                0x0000000020012e74                uwTick
 COMMON         0x0000000020012e78       0x40 common/ThirdParty/FreeRTOS/queue.o
                0x0000000020012e78                xQueueRegistry
                0x0000000020012eb8                . = ALIGN (0x4)
                0x0000000020012eb8                _ebss = .
                0x0000000020012eb8                __bss_end__ = _ebss

._user_heap_stack
                0x0000000020012eb8      0x600 load address 0x0000000008006cac
                0x0000000020012eb8                . = ALIGN (0x8)
                [!provide]                        PROVIDE (end = .)
                0x0000000020012eb8                PROVIDE (_end = .)
                0x00000000200130b8                . = (. + _Min_Heap_Size)
 *fill*         0x0000000020012eb8      0x200 
                0x00000000200134b8                . = (. + _Min_Stack_Size)
 *fill*         0x00000000200130b8      0x400 
                0x00000000200134b8                . = ALIGN (0x8)

/DISCARD/
 libc.a(*)
 libm.a(*)
 libgcc.a(*)

.ARM.attributes
                0x0000000000000000       0x30
 *(.ARM.attributes)
 .ARM.attributes
                0x0000000000000000       0x22 c:/st/stm32cubeide_1.4.0/stm32cubeide/plugins/com.st.stm32cube.ide.mcu.externaltools.gnu-tools-for-stm32.7-2018-q2-update.win32_1.4.0.202007081208/tools/bin/../lib/gcc/arm-none-eabi/7.3.1/thumb/v7e-m/fpv4-sp/hard/crti.o
 .ARM.attributes
                0x0000000000000022       0x34 c:/st/stm32cubeide_1.4.0/stm32cubeide/plugins/com.st.stm32cube.ide.mcu.externaltools.gnu-tools-for-stm32.7-2018-q2-update.win32_1.4.0.202007081208/tools/bin/../lib/gcc/arm-none-eabi/7.3.1/thumb/v7e-m/fpv4-sp/hard/crtbegin.o
 .ARM.attributes
                0x0000000000000056       0x39 Core/Src/led_effect.o
 .ARM.attributes
                0x000000000000008f       0x39 Core/Src/main.o
 .ARM.attributes
                0x00000000000000c8       0x39 Core/Src/stm32f4xx_hal_msp.o
 .ARM.attributes
                0x0000000000000101       0x39 Core/Src/stm32f4xx_hal_timebase_tim.o
 .ARM.attributes
                0x000000000000013a       0x39 Core/Src/stm32f4xx_it.o
 .ARM.attributes
                0x0000000000000173       0x39 Core/Src/system_stm32f4xx.o
 .ARM.attributes
                0x00000000000001ac       0x39 Core/Src/task_handler.o
 .ARM.attributes
                0x00000000000001e5       0x21 Core/Startup/startup_stm32f446retx.o
 .ARM.attributes
                0x0000000000000206       0x39 Drivers/STM32F4xx_HAL_Driver/Src/stm32f4xx_hal.o
 .ARM.attributes
                0x000000000000023f       0x39 Drivers/STM32F4xx_HAL_Driver/Src/stm32f4xx_hal_cortex.o
 .ARM.attributes
                0x0000000000000278       0x39 Drivers/STM32F4xx_HAL_Driver/Src/stm32f4xx_hal_dma.o
 .ARM.attributes
                0x00000000000002b1       0x39 Drivers/STM32F4xx_HAL_Driver/Src/stm32f4xx_hal_gpio.o
 .ARM.attributes
                0x00000000000002ea       0x39 Drivers/STM32F4xx_HAL_Driver/Src/stm32f4xx_hal_rcc.o
 .ARM.attributes
                0x0000000000000323       0x39 Drivers/STM32F4xx_HAL_Driver/Src/stm32f4xx_hal_rcc_ex.o
 .ARM.attributes
                0x000000000000035c       0x39 Drivers/STM32F4xx_HAL_Driver/Src/stm32f4xx_hal_rtc.o
 .ARM.attributes
                0x0000000000000395       0x39 Drivers/STM32F4xx_HAL_Driver/Src/stm32f4xx_hal_tim.o
 .ARM.attributes
                0x00000000000003ce       0x39 Drivers/STM32F4xx_HAL_Driver/Src/stm32f4xx_hal_tim_ex.o
 .ARM.attributes
                0x0000000000000407       0x39 Drivers/STM32F4xx_HAL_Driver/Src/stm32f4xx_hal_uart.o
 .ARM.attributes
                0x0000000000000440       0x39 common/ThirdParty/FreeRTOS/list.o
 .ARM.attributes
                0x0000000000000479       0x39 common/ThirdParty/FreeRTOS/queue.o
 .ARM.attributes
                0x00000000000004b2       0x39 common/ThirdParty/FreeRTOS/tasks.o
 .ARM.attributes
                0x00000000000004eb       0x39 common/ThirdParty/FreeRTOS/timers.o
 .ARM.attributes
                0x0000000000000524       0x39 common/ThirdParty/FreeRTOS/portable/GCC/ARM_CM4F/port.o
 .ARM.attributes
                0x000000000000055d       0x39 common/ThirdParty/FreeRTOS/portable/MemMang/heap_4.o
 .ARM.attributes
                0x0000000000000596       0x34 c:/st/stm32cubeide_1.4.0/stm32cubeide/plugins/com.st.stm32cube.ide.mcu.externaltools.gnu-tools-for-stm32.7-2018-q2-update.win32_1.4.0.202007081208/tools/bin/../lib/gcc/arm-none-eabi/7.3.1/../../../../arm-none-eabi/lib/thumb/v7e-m/fpv4-sp/hard\libc_nano.a(lib_a-init.o)
 .ARM.attributes
                0x00000000000005ca       0x34 c:/st/stm32cubeide_1.4.0/stm32cubeide/plugins/com.st.stm32cube.ide.mcu.externaltools.gnu-tools-for-stm32.7-2018-q2-update.win32_1.4.0.202007081208/tools/bin/../lib/gcc/arm-none-eabi/7.3.1/../../../../arm-none-eabi/lib/thumb/v7e-m/fpv4-sp/hard\libc_nano.a(lib_a-memcpy-stub.o)
 .ARM.attributes
                0x00000000000005fe       0x34 c:/st/stm32cubeide_1.4.0/stm32cubeide/plugins/com.st.stm32cube.ide.mcu.externaltools.gnu-tools-for-stm32.7-2018-q2-update.win32_1.4.0.202007081208/tools/bin/../lib/gcc/arm-none-eabi/7.3.1/../../../../arm-none-eabi/lib/thumb/v7e-m/fpv4-sp/hard\libc_nano.a(lib_a-memset.o)
 .ARM.attributes
                0x0000000000000632       0x20 c:/st/stm32cubeide_1.4.0/stm32cubeide/plugins/com.st.stm32cube.ide.mcu.externaltools.gnu-tools-for-stm32.7-2018-q2-update.win32_1.4.0.202007081208/tools/bin/../lib/gcc/arm-none-eabi/7.3.1/../../../../arm-none-eabi/lib/thumb/v7e-m/fpv4-sp/hard\libc_nano.a(lib_a-strcmp.o)
 .ARM.attributes
                0x0000000000000652       0x1b c:/st/stm32cubeide_1.4.0/stm32cubeide/plugins/com.st.stm32cube.ide.mcu.externaltools.gnu-tools-for-stm32.7-2018-q2-update.win32_1.4.0.202007081208/tools/bin/../lib/gcc/arm-none-eabi/7.3.1/../../../../arm-none-eabi/lib/thumb/v7e-m/fpv4-sp/hard\libc_nano.a(lib_a-strlen.o)
 .ARM.attributes
                0x000000000000066d       0x22 c:/st/stm32cubeide_1.4.0/stm32cubeide/plugins/com.st.stm32cube.ide.mcu.externaltools.gnu-tools-for-stm32.7-2018-q2-update.win32_1.4.0.202007081208/tools/bin/../lib/gcc/arm-none-eabi/7.3.1/thumb/v7e-m/fpv4-sp/hard\libgcc.a(_aeabi_uldivmod.o)
 .ARM.attributes
                0x000000000000068f       0x34 c:/st/stm32cubeide_1.4.0/stm32cubeide/plugins/com.st.stm32cube.ide.mcu.externaltools.gnu-tools-for-stm32.7-2018-q2-update.win32_1.4.0.202007081208/tools/bin/../lib/gcc/arm-none-eabi/7.3.1/thumb/v7e-m/fpv4-sp/hard\libgcc.a(_udivmoddi4.o)
 .ARM.attributes
                0x00000000000006c3       0x22 c:/st/stm32cubeide_1.4.0/stm32cubeide/plugins/com.st.stm32cube.ide.mcu.externaltools.gnu-tools-for-stm32.7-2018-q2-update.win32_1.4.0.202007081208/tools/bin/../lib/gcc/arm-none-eabi/7.3.1/thumb/v7e-m/fpv4-sp/hard\libgcc.a(_dvmd_tls.o)
 .ARM.attributes
                0x00000000000006e5       0x22 c:/st/stm32cubeide_1.4.0/stm32cubeide/plugins/com.st.stm32cube.ide.mcu.externaltools.gnu-tools-for-stm32.7-2018-q2-update.win32_1.4.0.202007081208/tools/bin/../lib/gcc/arm-none-eabi/7.3.1/thumb/v7e-m/fpv4-sp/hard/crtn.o
OUTPUT(006Queue_and-Timers.elf elf32-littlearm)

.debug_info     0x0000000000000000    0x18761
 .debug_info    0x0000000000000000     0x101e Core/Src/led_effect.o
 .debug_info    0x000000000000101e     0x1e2a Core/Src/main.o
 .debug_info    0x0000000000002e48     0x1829 Core/Src/stm32f4xx_hal_msp.o
 .debug_info    0x0000000000004671      0xb7f Core/Src/stm32f4xx_hal_timebase_tim.o
 .debug_info    0x00000000000051f0     0x11e2 Core/Src/stm32f4xx_it.o
 .debug_info    0x00000000000063d2      0x588 Core/Src/system_stm32f4xx.o
 .debug_info    0x000000000000695a     0x1128 Core/Src/task_handler.o
 .debug_info    0x0000000000007a82       0x22 Core/Startup/startup_stm32f446retx.o
 .debug_info    0x0000000000007aa4      0x997 Drivers/STM32F4xx_HAL_Driver/Src/stm32f4xx_hal.o
 .debug_info    0x000000000000843b      0xe46 Drivers/STM32F4xx_HAL_Driver/Src/stm32f4xx_hal_cortex.o
 .debug_info    0x0000000000009281      0x968 Drivers/STM32F4xx_HAL_Driver/Src/stm32f4xx_hal_dma.o
 .debug_info    0x0000000000009be9      0x803 Drivers/STM32F4xx_HAL_Driver/Src/stm32f4xx_hal_gpio.o
 .debug_info    0x000000000000a3ec      0x944 Drivers/STM32F4xx_HAL_Driver/Src/stm32f4xx_hal_rcc.o
 .debug_info    0x000000000000ad30      0x9d5 Drivers/STM32F4xx_HAL_Driver/Src/stm32f4xx_hal_rcc_ex.o
 .debug_info    0x000000000000b705      0xbbb Drivers/STM32F4xx_HAL_Driver/Src/stm32f4xx_hal_rtc.o
 .debug_info    0x000000000000c2c0     0x24a9 Drivers/STM32F4xx_HAL_Driver/Src/stm32f4xx_hal_tim.o
 .debug_info    0x000000000000e769     0x1157 Drivers/STM32F4xx_HAL_Driver/Src/stm32f4xx_hal_tim_ex.o
 .debug_info    0x000000000000f8c0     0x124c Drivers/STM32F4xx_HAL_Driver/Src/stm32f4xx_hal_uart.o
 .debug_info    0x0000000000010b0c      0xacb common/ThirdParty/FreeRTOS/list.o
 .debug_info    0x00000000000115d7     0x1ff2 common/ThirdParty/FreeRTOS/queue.o
 .debug_info    0x00000000000135c9     0x29f0 common/ThirdParty/FreeRTOS/tasks.o
 .debug_info    0x0000000000015fb9     0x14c9 common/ThirdParty/FreeRTOS/timers.o
 .debug_info    0x0000000000017482      0x5f2 common/ThirdParty/FreeRTOS/portable/GCC/ARM_CM4F/port.o
 .debug_info    0x0000000000017a74      0xced common/ThirdParty/FreeRTOS/portable/MemMang/heap_4.o

.debug_abbrev   0x0000000000000000     0x3260
 .debug_abbrev  0x0000000000000000      0x1f2 Core/Src/led_effect.o
 .debug_abbrev  0x00000000000001f2      0x2e4 Core/Src/main.o
 .debug_abbrev  0x00000000000004d6      0x211 Core/Src/stm32f4xx_hal_msp.o
 .debug_abbrev  0x00000000000006e7      0x19d Core/Src/stm32f4xx_hal_timebase_tim.o
 .debug_abbrev  0x0000000000000884      0x1cb Core/Src/stm32f4xx_it.o
 .debug_abbrev  0x0000000000000a4f      0x12b Core/Src/system_stm32f4xx.o
 .debug_abbrev  0x0000000000000b7a      0x23f Core/Src/task_handler.o
 .debug_abbrev  0x0000000000000db9       0x12 Core/Startup/startup_stm32f446retx.o
 .debug_abbrev  0x0000000000000dcb      0x1c7 Drivers/STM32F4xx_HAL_Driver/Src/stm32f4xx_hal.o
 .debug_abbrev  0x0000000000000f92      0x2fa Drivers/STM32F4xx_HAL_Driver/Src/stm32f4xx_hal_cortex.o
 .debug_abbrev  0x000000000000128c      0x229 Drivers/STM32F4xx_HAL_Driver/Src/stm32f4xx_hal_dma.o
 .debug_abbrev  0x00000000000014b5      0x1c9 Drivers/STM32F4xx_HAL_Driver/Src/stm32f4xx_hal_gpio.o
 .debug_abbrev  0x000000000000167e      0x245 Drivers/STM32F4xx_HAL_Driver/Src/stm32f4xx_hal_rcc.o
 .debug_abbrev  0x00000000000018c3      0x1bc Drivers/STM32F4xx_HAL_Driver/Src/stm32f4xx_hal_rcc_ex.o
 .debug_abbrev  0x0000000000001a7f      0x1be Drivers/STM32F4xx_HAL_Driver/Src/stm32f4xx_hal_rtc.o
 .debug_abbrev  0x0000000000001c3d      0x230 Drivers/STM32F4xx_HAL_Driver/Src/stm32f4xx_hal_tim.o
 .debug_abbrev  0x0000000000001e6d      0x21e Drivers/STM32F4xx_HAL_Driver/Src/stm32f4xx_hal_tim_ex.o
 .debug_abbrev  0x000000000000208b      0x242 Drivers/STM32F4xx_HAL_Driver/Src/stm32f4xx_hal_uart.o
 .debug_abbrev  0x00000000000022cd      0x1cf common/ThirdParty/FreeRTOS/list.o
 .debug_abbrev  0x000000000000249c      0x2f1 common/ThirdParty/FreeRTOS/queue.o
 .debug_abbrev  0x000000000000278d      0x35d common/ThirdParty/FreeRTOS/tasks.o
 .debug_abbrev  0x0000000000002aea      0x2c8 common/ThirdParty/FreeRTOS/timers.o
 .debug_abbrev  0x0000000000002db2      0x210 common/ThirdParty/FreeRTOS/portable/GCC/ARM_CM4F/port.o
 .debug_abbrev  0x0000000000002fc2      0x29e common/ThirdParty/FreeRTOS/portable/MemMang/heap_4.o

.debug_aranges  0x0000000000000000     0x1298
 .debug_aranges
                0x0000000000000000       0x30 Core/Src/led_effect.o
 .debug_aranges
                0x0000000000000030       0x60 Core/Src/main.o
 .debug_aranges
                0x0000000000000090       0x40 Core/Src/stm32f4xx_hal_msp.o
 .debug_aranges
                0x00000000000000d0       0x30 Core/Src/stm32f4xx_hal_timebase_tim.o
 .debug_aranges
                0x0000000000000100       0x58 Core/Src/stm32f4xx_it.o
 .debug_aranges
                0x0000000000000158       0x28 Core/Src/system_stm32f4xx.o
 .debug_aranges
                0x0000000000000180       0x50 Core/Src/task_handler.o
 .debug_aranges
                0x00000000000001d0       0x28 Core/Startup/startup_stm32f446retx.o
 .debug_aranges
                0x00000000000001f8       0xf0 Drivers/STM32F4xx_HAL_Driver/Src/stm32f4xx_hal.o
 .debug_aranges
                0x00000000000002e8      0x118 Drivers/STM32F4xx_HAL_Driver/Src/stm32f4xx_hal_cortex.o
 .debug_aranges
                0x0000000000000400       0x90 Drivers/STM32F4xx_HAL_Driver/Src/stm32f4xx_hal_dma.o
 .debug_aranges
                0x0000000000000490       0x58 Drivers/STM32F4xx_HAL_Driver/Src/stm32f4xx_hal_gpio.o
 .debug_aranges
                0x00000000000004e8       0x88 Drivers/STM32F4xx_HAL_Driver/Src/stm32f4xx_hal_rcc.o
 .debug_aranges
                0x0000000000000570       0x78 Drivers/STM32F4xx_HAL_Driver/Src/stm32f4xx_hal_rcc_ex.o
 .debug_aranges
                0x00000000000005e8       0xb8 Drivers/STM32F4xx_HAL_Driver/Src/stm32f4xx_hal_rtc.o
 .debug_aranges
                0x00000000000006a0      0x3a8 Drivers/STM32F4xx_HAL_Driver/Src/stm32f4xx_hal_tim.o
 .debug_aranges
                0x0000000000000a48      0x150 Drivers/STM32F4xx_HAL_Driver/Src/stm32f4xx_hal_tim_ex.o
 .debug_aranges
                0x0000000000000b98      0x1d0 Drivers/STM32F4xx_HAL_Driver/Src/stm32f4xx_hal_uart.o
 .debug_aranges
                0x0000000000000d68       0x40 common/ThirdParty/FreeRTOS/list.o
 .debug_aranges
                0x0000000000000da8      0x130 common/ThirdParty/FreeRTOS/queue.o
 .debug_aranges
                0x0000000000000ed8      0x208 common/ThirdParty/FreeRTOS/tasks.o
 .debug_aranges
                0x00000000000010e0       0xd8 common/ThirdParty/FreeRTOS/timers.o
 .debug_aranges
                0x00000000000011b8       0x88 common/ThirdParty/FreeRTOS/portable/GCC/ARM_CM4F/port.o
 .debug_aranges
                0x0000000000001240       0x58 common/ThirdParty/FreeRTOS/portable/MemMang/heap_4.o

.debug_ranges   0x0000000000000000     0x1120
 .debug_ranges  0x0000000000000000       0x20 Core/Src/led_effect.o
 .debug_ranges  0x0000000000000020       0x50 Core/Src/main.o
 .debug_ranges  0x0000000000000070       0x30 Core/Src/stm32f4xx_hal_msp.o
 .debug_ranges  0x00000000000000a0       0x20 Core/Src/stm32f4xx_hal_timebase_tim.o
 .debug_ranges  0x00000000000000c0       0x48 Core/Src/stm32f4xx_it.o
 .debug_ranges  0x0000000000000108       0x18 Core/Src/system_stm32f4xx.o
 .debug_ranges  0x0000000000000120       0x40 Core/Src/task_handler.o
 .debug_ranges  0x0000000000000160       0x20 Core/Startup/startup_stm32f446retx.o
 .debug_ranges  0x0000000000000180       0xe0 Drivers/STM32F4xx_HAL_Driver/Src/stm32f4xx_hal.o
 .debug_ranges  0x0000000000000260      0x108 Drivers/STM32F4xx_HAL_Driver/Src/stm32f4xx_hal_cortex.o
 .debug_ranges  0x0000000000000368       0x80 Drivers/STM32F4xx_HAL_Driver/Src/stm32f4xx_hal_dma.o
 .debug_ranges  0x00000000000003e8       0x48 Drivers/STM32F4xx_HAL_Driver/Src/stm32f4xx_hal_gpio.o
 .debug_ranges  0x0000000000000430       0x78 Drivers/STM32F4xx_HAL_Driver/Src/stm32f4xx_hal_rcc.o
 .debug_ranges  0x00000000000004a8       0x68 Drivers/STM32F4xx_HAL_Driver/Src/stm32f4xx_hal_rcc_ex.o
 .debug_ranges  0x0000000000000510       0xa8 Drivers/STM32F4xx_HAL_Driver/Src/stm32f4xx_hal_rtc.o
 .debug_ranges  0x00000000000005b8      0x398 Drivers/STM32F4xx_HAL_Driver/Src/stm32f4xx_hal_tim.o
 .debug_ranges  0x0000000000000950      0x140 Drivers/STM32F4xx_HAL_Driver/Src/stm32f4xx_hal_tim_ex.o
 .debug_ranges  0x0000000000000a90      0x1c0 Drivers/STM32F4xx_HAL_Driver/Src/stm32f4xx_hal_uart.o
 .debug_ranges  0x0000000000000c50       0x30 common/ThirdParty/FreeRTOS/list.o
 .debug_ranges  0x0000000000000c80      0x120 common/ThirdParty/FreeRTOS/queue.o
 .debug_ranges  0x0000000000000da0      0x1f8 common/ThirdParty/FreeRTOS/tasks.o
 .debug_ranges  0x0000000000000f98       0xc8 common/ThirdParty/FreeRTOS/timers.o
 .debug_ranges  0x0000000000001060       0x78 common/ThirdParty/FreeRTOS/portable/GCC/ARM_CM4F/port.o
 .debug_ranges  0x00000000000010d8       0x48 common/ThirdParty/FreeRTOS/portable/MemMang/heap_4.o

.debug_macro    0x0000000000000000    0x24482
 .debug_macro   0x0000000000000000      0x33b Core/Src/led_effect.o
 .debug_macro   0x000000000000033b      0xa5a Core/Src/led_effect.o
 .debug_macro   0x0000000000000d95      0x29a Core/Src/led_effect.o
 .debug_macro   0x000000000000102f       0x2e Core/Src/led_effect.o
 .debug_macro   0x000000000000105d       0x28 Core/Src/led_effect.o
 .debug_macro   0x0000000000001085       0x22 Core/Src/led_effect.o
 .debug_macro   0x00000000000010a7       0x8e Core/Src/led_effect.o
 .debug_macro   0x0000000000001135       0x51 Core/Src/led_effect.o
 .debug_macro   0x0000000000001186       0xef Core/Src/led_effect.o
 .debug_macro   0x0000000000001275       0x6a Core/Src/led_effect.o
 .debug_macro   0x00000000000012df      0x1df Core/Src/led_effect.o
 .debug_macro   0x00000000000014be       0x1c Core/Src/led_effect.o
 .debug_macro   0x00000000000014da       0x22 Core/Src/led_effect.o
 .debug_macro   0x00000000000014fc       0xdf Core/Src/led_effect.o
 .debug_macro   0x00000000000015db     0x102d Core/Src/led_effect.o
 .debug_macro   0x0000000000002608      0x11f Core/Src/led_effect.o
 .debug_macro   0x0000000000002727    0x1672d Core/Src/led_effect.o
 .debug_macro   0x0000000000018e54       0x43 Core/Src/led_effect.o
 .debug_macro   0x0000000000018e97     0x3659 Core/Src/led_effect.o
 .debug_macro   0x000000000001c4f0      0x174 Core/Src/led_effect.o
 .debug_macro   0x000000000001c664       0x5a Core/Src/led_effect.o
 .debug_macro   0x000000000001c6be      0xc90 Core/Src/led_effect.o
 .debug_macro   0x000000000001d34e      0x9fe Core/Src/led_effect.o
 .debug_macro   0x000000000001dd4c      0x117 Core/Src/led_effect.o
 .debug_macro   0x000000000001de63      0x1a0 Core/Src/led_effect.o
 .debug_macro   0x000000000001e003       0x27 Core/Src/led_effect.o
 .debug_macro   0x000000000001e02a      0x16d Core/Src/led_effect.o
 .debug_macro   0x000000000001e197      0x287 Core/Src/led_effect.o
 .debug_macro   0x000000000001e41e       0x5f Core/Src/led_effect.o
 .debug_macro   0x000000000001e47d      0x236 Core/Src/led_effect.o
 .debug_macro   0x000000000001e6b3      0x132 Core/Src/led_effect.o
 .debug_macro   0x000000000001e7e5      0x29c Core/Src/led_effect.o
 .debug_macro   0x000000000001ea81       0x2e Core/Src/led_effect.o
 .debug_macro   0x000000000001eaaf      0x11a Core/Src/led_effect.o
 .debug_macro   0x000000000001ebc9       0xe8 Core/Src/led_effect.o
 .debug_macro   0x000000000001ecb1       0x89 Core/Src/led_effect.o
 .debug_macro   0x000000000001ed3a      0x31a Core/Src/led_effect.o
 .debug_macro   0x000000000001f054      0x405 Core/Src/led_effect.o
 .debug_macro   0x000000000001f459       0xe4 Core/Src/led_effect.o
 .debug_macro   0x000000000001f53d      0x8a0 Core/Src/led_effect.o
 .debug_macro   0x000000000001fddd       0x4d Core/Src/led_effect.o
 .debug_macro   0x000000000001fe2a      0x287 Core/Src/led_effect.o
 .debug_macro   0x00000000000200b1      0x126 Core/Src/led_effect.o
 .debug_macro   0x00000000000201d7      0x113 Core/Src/led_effect.o
 .debug_macro   0x00000000000202ea      0x15a Core/Src/led_effect.o
 .debug_macro   0x0000000000020444       0xea Core/Src/led_effect.o
 .debug_macro   0x000000000002052e       0x1c Core/Src/led_effect.o
 .debug_macro   0x000000000002054a       0x26 Core/Src/led_effect.o
 .debug_macro   0x0000000000020570      0x527 Core/Src/led_effect.o
 .debug_macro   0x0000000000020a97       0xb5 Core/Src/led_effect.o
 .debug_macro   0x0000000000020b4c      0x120 Core/Src/led_effect.o
 .debug_macro   0x0000000000020c6c       0x80 Core/Src/led_effect.o
 .debug_macro   0x0000000000020cec       0x97 Core/Src/led_effect.o
 .debug_macro   0x0000000000020d83       0x46 Core/Src/led_effect.o
 .debug_macro   0x0000000000020dc9       0x18 Core/Src/led_effect.o
 .debug_macro   0x0000000000020de1       0x3c Core/Src/led_effect.o
 .debug_macro   0x0000000000020e1d       0x34 Core/Src/led_effect.o
 .debug_macro   0x0000000000020e51       0x52 Core/Src/led_effect.o
 .debug_macro   0x0000000000020ea3       0x1f Core/Src/led_effect.o
 .debug_macro   0x0000000000020ec2       0x43 Core/Src/led_effect.o
 .debug_macro   0x0000000000020f05       0x20 Core/Src/led_effect.o
 .debug_macro   0x0000000000020f25      0x1a3 Core/Src/led_effect.o
 .debug_macro   0x00000000000210c8      0x32a Core/Src/led_effect.o
 .debug_macro   0x00000000000213f2       0x10 Core/Src/led_effect.o
 .debug_macro   0x0000000000021402       0x35 Core/Src/led_effect.o
 .debug_macro   0x0000000000021437       0x20 Core/Src/led_effect.o
 .debug_macro   0x0000000000021457       0x64 Core/Src/led_effect.o
 .debug_macro   0x00000000000214bb      0x33b Core/Src/main.o
 .debug_macro   0x00000000000217f6      0x33b Core/Src/stm32f4xx_hal_msp.o
 .debug_macro   0x0000000000021b31      0x1e7 Core/Src/stm32f4xx_hal_timebase_tim.o
 .debug_macro   0x0000000000021d18      0x345 Core/Src/stm32f4xx_it.o
 .debug_macro   0x000000000002205d      0x1ed Core/Src/system_stm32f4xx.o
 .debug_macro   0x000000000002224a      0x33b Core/Src/task_handler.o
 .debug_macro   0x0000000000022585      0x247 Drivers/STM32F4xx_HAL_Driver/Src/stm32f4xx_hal.o
 .debug_macro   0x00000000000227cc      0x1e7 Drivers/STM32F4xx_HAL_Driver/Src/stm32f4xx_hal_cortex.o
 .debug_macro   0x00000000000229b3      0x1ed Drivers/STM32F4xx_HAL_Driver/Src/stm32f4xx_hal_dma.o
 .debug_macro   0x0000000000022ba0      0x21d Drivers/STM32F4xx_HAL_Driver/Src/stm32f4xx_hal_gpio.o
 .debug_macro   0x0000000000022dbd      0x20b Drivers/STM32F4xx_HAL_Driver/Src/stm32f4xx_hal_rcc.o
 .debug_macro   0x0000000000022fc8      0x1e7 Drivers/STM32F4xx_HAL_Driver/Src/stm32f4xx_hal_rcc_ex.o
 .debug_macro   0x00000000000231af      0x1e8 Drivers/STM32F4xx_HAL_Driver/Src/stm32f4xx_hal_rtc.o
 .debug_macro   0x0000000000023397      0x1e8 Drivers/STM32F4xx_HAL_Driver/Src/stm32f4xx_hal_tim.o
 .debug_macro   0x000000000002357f      0x1e7 Drivers/STM32F4xx_HAL_Driver/Src/stm32f4xx_hal_tim_ex.o
 .debug_macro   0x0000000000023766      0x1e8 Drivers/STM32F4xx_HAL_Driver/Src/stm32f4xx_hal_uart.o
 .debug_macro   0x000000000002394e      0x186 common/ThirdParty/FreeRTOS/list.o
 .debug_macro   0x0000000000023ad4      0x20f common/ThirdParty/FreeRTOS/queue.o
 .debug_macro   0x0000000000023ce3       0x16 common/ThirdParty/FreeRTOS/queue.o
 .debug_macro   0x0000000000023cf9      0x273 common/ThirdParty/FreeRTOS/tasks.o
 .debug_macro   0x0000000000023f6c       0x10 common/ThirdParty/FreeRTOS/tasks.o
 .debug_macro   0x0000000000023f7c      0x1cf common/ThirdParty/FreeRTOS/timers.o
 .debug_macro   0x000000000002414b      0x196 common/ThirdParty/FreeRTOS/portable/GCC/ARM_CM4F/port.o
 .debug_macro   0x00000000000242e1      0x1a1 common/ThirdParty/FreeRTOS/portable/MemMang/heap_4.o

.debug_line     0x0000000000000000    0x101db
 .debug_line    0x0000000000000000      0x9d0 Core/Src/led_effect.o
 .debug_line    0x00000000000009d0      0xb18 Core/Src/main.o
 .debug_line    0x00000000000014e8      0x9ec Core/Src/stm32f4xx_hal_msp.o
 .debug_line    0x0000000000001ed4      0x726 Core/Src/stm32f4xx_hal_timebase_tim.o
 .debug_line    0x00000000000025fa      0xa28 Core/Src/stm32f4xx_it.o
 .debug_line    0x0000000000003022      0x70d Core/Src/system_stm32f4xx.o
 .debug_line    0x000000000000372f      0xa5c Core/Src/task_handler.o
 .debug_line    0x000000000000418b       0x85 Core/Startup/startup_stm32f446retx.o
 .debug_line    0x0000000000004210      0x8f7 Drivers/STM32F4xx_HAL_Driver/Src/stm32f4xx_hal.o
 .debug_line    0x0000000000004b07      0xa1b Drivers/STM32F4xx_HAL_Driver/Src/stm32f4xx_hal_cortex.o
 .debug_line    0x0000000000005522      0x9c5 Drivers/STM32F4xx_HAL_Driver/Src/stm32f4xx_hal_dma.o
 .debug_line    0x0000000000005ee7      0x8c2 Drivers/STM32F4xx_HAL_Driver/Src/stm32f4xx_hal_gpio.o
 .debug_line    0x00000000000067a9      0x94f Drivers/STM32F4xx_HAL_Driver/Src/stm32f4xx_hal_rcc.o
 .debug_line    0x00000000000070f8      0xae0 Drivers/STM32F4xx_HAL_Driver/Src/stm32f4xx_hal_rcc_ex.o
 .debug_line    0x0000000000007bd8      0xa87 Drivers/STM32F4xx_HAL_Driver/Src/stm32f4xx_hal_rtc.o
 .debug_line    0x000000000000865f     0x1970 Drivers/STM32F4xx_HAL_Driver/Src/stm32f4xx_hal_tim.o
 .debug_line    0x0000000000009fcf      0xd0d Drivers/STM32F4xx_HAL_Driver/Src/stm32f4xx_hal_tim_ex.o
 .debug_line    0x000000000000acdc     0x1005 Drivers/STM32F4xx_HAL_Driver/Src/stm32f4xx_hal_uart.o
 .debug_line    0x000000000000bce1      0x6bb common/ThirdParty/FreeRTOS/list.o
 .debug_line    0x000000000000c39c     0x1087 common/ThirdParty/FreeRTOS/queue.o
 .debug_line    0x000000000000d423     0x1448 common/ThirdParty/FreeRTOS/tasks.o
 .debug_line    0x000000000000e86b      0xa58 common/ThirdParty/FreeRTOS/timers.o
 .debug_line    0x000000000000f2c3      0x738 common/ThirdParty/FreeRTOS/portable/GCC/ARM_CM4F/port.o
 .debug_line    0x000000000000f9fb      0x7e0 common/ThirdParty/FreeRTOS/portable/MemMang/heap_4.o

.debug_str      0x0000000000000000    0xdcd65
 .debug_str     0x0000000000000000    0xd5eeb Core/Src/led_effect.o
                                      0xd6293 (size before relaxing)
 .debug_str     0x00000000000d5eeb      0x89a Core/Src/main.o
                                      0xd6b8e (size before relaxing)
 .debug_str     0x00000000000d6785      0x574 Core/Src/stm32f4xx_hal_msp.o
                                      0xd6b01 (size before relaxing)
 .debug_str     0x00000000000d6cf9       0xaa Core/Src/stm32f4xx_hal_timebase_tim.o
                                      0xcdbf6 (size before relaxing)
 .debug_str     0x00000000000d6da3       0xb8 Core/Src/stm32f4xx_it.o
                                      0xd647c (size before relaxing)
 .debug_str     0x00000000000d6e5b       0xc4 Core/Src/system_stm32f4xx.o
                                      0xcd23f (size before relaxing)
 .debug_str     0x00000000000d6f1f       0x8e Core/Src/task_handler.o
                                      0xd630c (size before relaxing)
 .debug_str     0x00000000000d6fad       0x36 Core/Startup/startup_stm32f446retx.o
                                         0x7a (size before relaxing)
 .debug_str     0x00000000000d6fe3      0x542 Drivers/STM32F4xx_HAL_Driver/Src/stm32f4xx_hal.o
                                      0xcdd4d (size before relaxing)
 .debug_str     0x00000000000d7525      0x392 Drivers/STM32F4xx_HAL_Driver/Src/stm32f4xx_hal_cortex.o
                                      0xcdb17 (size before relaxing)
 .debug_str     0x00000000000d78b7      0x31d Drivers/STM32F4xx_HAL_Driver/Src/stm32f4xx_hal_dma.o
                                      0xcd62f (size before relaxing)
 .debug_str     0x00000000000d7bd4      0x20c Drivers/STM32F4xx_HAL_Driver/Src/stm32f4xx_hal_gpio.o
                                      0xcd47e (size before relaxing)
 .debug_str     0x00000000000d7de0      0x24f Drivers/STM32F4xx_HAL_Driver/Src/stm32f4xx_hal_rcc.o
                                      0xcd631 (size before relaxing)
 .debug_str     0x00000000000d802f      0x1b7 Drivers/STM32F4xx_HAL_Driver/Src/stm32f4xx_hal_rcc_ex.o
                                      0xcd683 (size before relaxing)
 .debug_str     0x00000000000d81e6      0x298 Drivers/STM32F4xx_HAL_Driver/Src/stm32f4xx_hal_rtc.o
                                      0xcd5c7 (size before relaxing)
 .debug_str     0x00000000000d847e      0xd6f Drivers/STM32F4xx_HAL_Driver/Src/stm32f4xx_hal_tim.o
                                      0xce326 (size before relaxing)
 .debug_str     0x00000000000d91ed      0x4ec Drivers/STM32F4xx_HAL_Driver/Src/stm32f4xx_hal_tim_ex.o
                                      0xcdb26 (size before relaxing)
 .debug_str     0x00000000000d96d9      0x4fe Drivers/STM32F4xx_HAL_Driver/Src/stm32f4xx_hal_uart.o
                                      0xcda66 (size before relaxing)
 .debug_str     0x00000000000d9bd7      0x2bc common/ThirdParty/FreeRTOS/list.o
                                       0xab75 (size before relaxing)
 .debug_str     0x00000000000d9e93      0x8d4 common/ThirdParty/FreeRTOS/queue.o
                                       0xce39 (size before relaxing)
 .debug_str     0x00000000000da767     0x1545 common/ThirdParty/FreeRTOS/tasks.o
                                       0xdc89 (size before relaxing)
 .debug_str     0x00000000000dbcac      0x53b common/ThirdParty/FreeRTOS/timers.o
                                       0xd21d (size before relaxing)
 .debug_str     0x00000000000dc1e7      0x829 common/ThirdParty/FreeRTOS/portable/GCC/ARM_CM4F/port.o
                                       0x94d1 (size before relaxing)
 .debug_str     0x00000000000dca10      0x355 common/ThirdParty/FreeRTOS/portable/MemMang/heap_4.o
                                       0xbfef (size before relaxing)

.comment        0x0000000000000000       0x7b
 .comment       0x0000000000000000       0x7b Core/Src/led_effect.o
                                         0x7c (size before relaxing)
 .comment       0x000000000000007b       0x7c Core/Src/main.o
 .comment       0x000000000000007b       0x7c Core/Src/stm32f4xx_hal_msp.o
 .comment       0x000000000000007b       0x7c Core/Src/stm32f4xx_hal_timebase_tim.o
 .comment       0x000000000000007b       0x7c Core/Src/stm32f4xx_it.o
 .comment       0x000000000000007b       0x7c Core/Src/system_stm32f4xx.o
 .comment       0x000000000000007b       0x7c Core/Src/task_handler.o
 .comment       0x000000000000007b       0x7c Drivers/STM32F4xx_HAL_Driver/Src/stm32f4xx_hal.o
 .comment       0x000000000000007b       0x7c Drivers/STM32F4xx_HAL_Driver/Src/stm32f4xx_hal_cortex.o
 .comment       0x000000000000007b       0x7c Drivers/STM32F4xx_HAL_Driver/Src/stm32f4xx_hal_dma.o
 .comment       0x000000000000007b       0x7c Drivers/STM32F4xx_HAL_Driver/Src/stm32f4xx_hal_gpio.o
 .comment       0x000000000000007b       0x7c Drivers/STM32F4xx_HAL_Driver/Src/stm32f4xx_hal_rcc.o
 .comment       0x000000000000007b       0x7c Drivers/STM32F4xx_HAL_Driver/Src/stm32f4xx_hal_rcc_ex.o
 .comment       0x000000000000007b       0x7c Drivers/STM32F4xx_HAL_Driver/Src/stm32f4xx_hal_rtc.o
 .comment       0x000000000000007b       0x7c Drivers/STM32F4xx_HAL_Driver/Src/stm32f4xx_hal_tim.o
 .comment       0x000000000000007b       0x7c Drivers/STM32F4xx_HAL_Driver/Src/stm32f4xx_hal_tim_ex.o
 .comment       0x000000000000007b       0x7c Drivers/STM32F4xx_HAL_Driver/Src/stm32f4xx_hal_uart.o
 .comment       0x000000000000007b       0x7c common/ThirdParty/FreeRTOS/list.o
 .comment       0x000000000000007b       0x7c common/ThirdParty/FreeRTOS/queue.o
 .comment       0x000000000000007b       0x7c common/ThirdParty/FreeRTOS/tasks.o
 .comment       0x000000000000007b       0x7c common/ThirdParty/FreeRTOS/timers.o
 .comment       0x000000000000007b       0x7c common/ThirdParty/FreeRTOS/portable/GCC/ARM_CM4F/port.o
 .comment       0x000000000000007b       0x7c common/ThirdParty/FreeRTOS/portable/MemMang/heap_4.o

.debug_frame    0x0000000000000000     0x4d10
 .debug_frame   0x0000000000000000       0x78 Core/Src/led_effect.o
 .debug_frame   0x0000000000000078      0x140 Core/Src/main.o
 .debug_frame   0x00000000000001b8       0xd0 Core/Src/stm32f4xx_hal_msp.o
 .debug_frame   0x0000000000000288       0x74 Core/Src/stm32f4xx_hal_timebase_tim.o
 .debug_frame   0x00000000000002fc       0xe8 Core/Src/stm32f4xx_it.o
 .debug_frame   0x00000000000003e4       0x58 Core/Src/system_stm32f4xx.o
 .debug_frame   0x000000000000043c       0xf4 Core/Src/task_handler.o
 .debug_frame   0x0000000000000530      0x374 Drivers/STM32F4xx_HAL_Driver/Src/stm32f4xx_hal.o
 .debug_frame   0x00000000000008a4      0x498 Drivers/STM32F4xx_HAL_Driver/Src/stm32f4xx_hal_cortex.o
 .debug_frame   0x0000000000000d3c      0x250 Drivers/STM32F4xx_HAL_Driver/Src/stm32f4xx_hal_dma.o
 .debug_frame   0x0000000000000f8c      0x14c Drivers/STM32F4xx_HAL_Driver/Src/stm32f4xx_hal_gpio.o
 .debug_frame   0x00000000000010d8      0x1f0 Drivers/STM32F4xx_HAL_Driver/Src/stm32f4xx_hal_rcc.o
 .debug_frame   0x00000000000012c8      0x1e0 Drivers/STM32F4xx_HAL_Driver/Src/stm32f4xx_hal_rcc_ex.o
 .debug_frame   0x00000000000014a8      0x308 Drivers/STM32F4xx_HAL_Driver/Src/stm32f4xx_hal_rtc.o
 .debug_frame   0x00000000000017b0     0x10f0 Drivers/STM32F4xx_HAL_Driver/Src/stm32f4xx_hal_tim.o
 .debug_frame   0x00000000000028a0      0x5c0 Drivers/STM32F4xx_HAL_Driver/Src/stm32f4xx_hal_tim_ex.o
 .debug_frame   0x0000000000002e60      0x844 Drivers/STM32F4xx_HAL_Driver/Src/stm32f4xx_hal_uart.o
 .debug_frame   0x00000000000036a4       0xd8 common/ThirdParty/FreeRTOS/list.o
 .debug_frame   0x000000000000377c      0x534 common/ThirdParty/FreeRTOS/queue.o
 .debug_frame   0x0000000000003cb0      0x8e4 common/ThirdParty/FreeRTOS/tasks.o
 .debug_frame   0x0000000000004594      0x38c common/ThirdParty/FreeRTOS/timers.o
 .debug_frame   0x0000000000004920      0x1d0 common/ThirdParty/FreeRTOS/portable/GCC/ARM_CM4F/port.o
 .debug_frame   0x0000000000004af0      0x12c common/ThirdParty/FreeRTOS/portable/MemMang/heap_4.o
 .debug_frame   0x0000000000004c1c       0x2c c:/st/stm32cubeide_1.4.0/stm32cubeide/plugins/com.st.stm32cube.ide.mcu.externaltools.gnu-tools-for-stm32.7-2018-q2-update.win32_1.4.0.202007081208/tools/bin/../lib/gcc/arm-none-eabi/7.3.1/../../../../arm-none-eabi/lib/thumb/v7e-m/fpv4-sp/hard\libc_nano.a(lib_a-init.o)
 .debug_frame   0x0000000000004c48       0x28 c:/st/stm32cubeide_1.4.0/stm32cubeide/plugins/com.st.stm32cube.ide.mcu.externaltools.gnu-tools-for-stm32.7-2018-q2-update.win32_1.4.0.202007081208/tools/bin/../lib/gcc/arm-none-eabi/7.3.1/../../../../arm-none-eabi/lib/thumb/v7e-m/fpv4-sp/hard\libc_nano.a(lib_a-memcpy-stub.o)
 .debug_frame   0x0000000000004c70       0x20 c:/st/stm32cubeide_1.4.0/stm32cubeide/plugins/com.st.stm32cube.ide.mcu.externaltools.gnu-tools-for-stm32.7-2018-q2-update.win32_1.4.0.202007081208/tools/bin/../lib/gcc/arm-none-eabi/7.3.1/../../../../arm-none-eabi/lib/thumb/v7e-m/fpv4-sp/hard\libc_nano.a(lib_a-memset.o)
 .debug_frame   0x0000000000004c90       0x20 c:/st/stm32cubeide_1.4.0/stm32cubeide/plugins/com.st.stm32cube.ide.mcu.externaltools.gnu-tools-for-stm32.7-2018-q2-update.win32_1.4.0.202007081208/tools/bin/../lib/gcc/arm-none-eabi/7.3.1/../../../../arm-none-eabi/lib/thumb/v7e-m/fpv4-sp/hard\libc_nano.a(lib_a-strcmp.o)
 .debug_frame   0x0000000000004cb0       0x2c c:/st/stm32cubeide_1.4.0/stm32cubeide/plugins/com.st.stm32cube.ide.mcu.externaltools.gnu-tools-for-stm32.7-2018-q2-update.win32_1.4.0.202007081208/tools/bin/../lib/gcc/arm-none-eabi/7.3.1/thumb/v7e-m/fpv4-sp/hard\libgcc.a(_aeabi_uldivmod.o)
 .debug_frame   0x0000000000004cdc       0x34 c:/st/stm32cubeide_1.4.0/stm32cubeide/plugins/com.st.stm32cube.ide.mcu.externaltools.gnu-tools-for-stm32.7-2018-q2-update.win32_1.4.0.202007081208/tools/bin/../lib/gcc/arm-none-eabi/7.3.1/thumb/v7e-m/fpv4-sp/hard\libgcc.a(_udivmoddi4.o)
